Archive member included to satisfy reference by file (symbol)

d:/stm32/cubeide/stm32cubeide_1.8.0/stm32cubeide/plugins/com.st.stm32cube.ide.mcu.externaltools.gnu-tools-for-stm32.9-2020-q2-update.win32_2.0.0.202105311346/tools/bin/../lib/gcc/arm-none-eabi/9.3.1/../../../../arm-none-eabi/lib/thumb/v7e-m+fp/hard\libc_nano.a(lib_a-errno.o)
                              ./Core/Src/syscalls.o (__errno)
d:/stm32/cubeide/stm32cubeide_1.8.0/stm32cubeide/plugins/com.st.stm32cube.ide.mcu.externaltools.gnu-tools-for-stm32.9-2020-q2-update.win32_2.0.0.202105311346/tools/bin/../lib/gcc/arm-none-eabi/9.3.1/../../../../arm-none-eabi/lib/thumb/v7e-m+fp/hard\libc_nano.a(lib_a-exit.o)
                              d:/stm32/cubeide/stm32cubeide_1.8.0/stm32cubeide/plugins/com.st.stm32cube.ide.mcu.externaltools.gnu-tools-for-stm32.9-2020-q2-update.win32_2.0.0.202105311346/tools/bin/../lib/gcc/arm-none-eabi/9.3.1/../../../../arm-none-eabi/lib/thumb/v7e-m+fp/hard/crt0.o (exit)
d:/stm32/cubeide/stm32cubeide_1.8.0/stm32cubeide/plugins/com.st.stm32cube.ide.mcu.externaltools.gnu-tools-for-stm32.9-2020-q2-update.win32_2.0.0.202105311346/tools/bin/../lib/gcc/arm-none-eabi/9.3.1/../../../../arm-none-eabi/lib/thumb/v7e-m+fp/hard\libc_nano.a(lib_a-impure.o)
                              d:/stm32/cubeide/stm32cubeide_1.8.0/stm32cubeide/plugins/com.st.stm32cube.ide.mcu.externaltools.gnu-tools-for-stm32.9-2020-q2-update.win32_2.0.0.202105311346/tools/bin/../lib/gcc/arm-none-eabi/9.3.1/../../../../arm-none-eabi/lib/thumb/v7e-m+fp/hard\libc_nano.a(lib_a-exit.o) (_global_impure_ptr)
d:/stm32/cubeide/stm32cubeide_1.8.0/stm32cubeide/plugins/com.st.stm32cube.ide.mcu.externaltools.gnu-tools-for-stm32.9-2020-q2-update.win32_2.0.0.202105311346/tools/bin/../lib/gcc/arm-none-eabi/9.3.1/../../../../arm-none-eabi/lib/thumb/v7e-m+fp/hard\libc_nano.a(lib_a-init.o)
                              d:/stm32/cubeide/stm32cubeide_1.8.0/stm32cubeide/plugins/com.st.stm32cube.ide.mcu.externaltools.gnu-tools-for-stm32.9-2020-q2-update.win32_2.0.0.202105311346/tools/bin/../lib/gcc/arm-none-eabi/9.3.1/../../../../arm-none-eabi/lib/thumb/v7e-m+fp/hard/crt0.o (__libc_init_array)
d:/stm32/cubeide/stm32cubeide_1.8.0/stm32cubeide/plugins/com.st.stm32cube.ide.mcu.externaltools.gnu-tools-for-stm32.9-2020-q2-update.win32_2.0.0.202105311346/tools/bin/../lib/gcc/arm-none-eabi/9.3.1/../../../../arm-none-eabi/lib/thumb/v7e-m+fp/hard\libc_nano.a(lib_a-memset.o)
                              d:/stm32/cubeide/stm32cubeide_1.8.0/stm32cubeide/plugins/com.st.stm32cube.ide.mcu.externaltools.gnu-tools-for-stm32.9-2020-q2-update.win32_2.0.0.202105311346/tools/bin/../lib/gcc/arm-none-eabi/9.3.1/../../../../arm-none-eabi/lib/thumb/v7e-m+fp/hard/crt0.o (memset)
d:/stm32/cubeide/stm32cubeide_1.8.0/stm32cubeide/plugins/com.st.stm32cube.ide.mcu.externaltools.gnu-tools-for-stm32.9-2020-q2-update.win32_2.0.0.202105311346/tools/bin/../lib/gcc/arm-none-eabi/9.3.1/../../../../arm-none-eabi/lib/thumb/v7e-m+fp/hard\libc_nano.a(lib_a-strlen.o)
                              ./Core/Src/main.o (strlen)
d:/stm32/cubeide/stm32cubeide_1.8.0/stm32cubeide/plugins/com.st.stm32cube.ide.mcu.externaltools.gnu-tools-for-stm32.9-2020-q2-update.win32_2.0.0.202105311346/tools/bin/../lib/gcc/arm-none-eabi/9.3.1/../../../../arm-none-eabi/lib/thumb/v7e-m+fp/hard\libm.a(lib_a-s_sin.o)
                              ./Core/Src/pwm_generator.o (sin)
d:/stm32/cubeide/stm32cubeide_1.8.0/stm32cubeide/plugins/com.st.stm32cube.ide.mcu.externaltools.gnu-tools-for-stm32.9-2020-q2-update.win32_2.0.0.202105311346/tools/bin/../lib/gcc/arm-none-eabi/9.3.1/../../../../arm-none-eabi/lib/thumb/v7e-m+fp/hard\libm.a(lib_a-w_fmod.o)
                              ./Core/Src/pwm_generator.o (fmod)
d:/stm32/cubeide/stm32cubeide_1.8.0/stm32cubeide/plugins/com.st.stm32cube.ide.mcu.externaltools.gnu-tools-for-stm32.9-2020-q2-update.win32_2.0.0.202105311346/tools/bin/../lib/gcc/arm-none-eabi/9.3.1/../../../../arm-none-eabi/lib/thumb/v7e-m+fp/hard\libm.a(lib_a-e_fmod.o)
                              d:/stm32/cubeide/stm32cubeide_1.8.0/stm32cubeide/plugins/com.st.stm32cube.ide.mcu.externaltools.gnu-tools-for-stm32.9-2020-q2-update.win32_2.0.0.202105311346/tools/bin/../lib/gcc/arm-none-eabi/9.3.1/../../../../arm-none-eabi/lib/thumb/v7e-m+fp/hard\libm.a(lib_a-w_fmod.o) (__ieee754_fmod)
d:/stm32/cubeide/stm32cubeide_1.8.0/stm32cubeide/plugins/com.st.stm32cube.ide.mcu.externaltools.gnu-tools-for-stm32.9-2020-q2-update.win32_2.0.0.202105311346/tools/bin/../lib/gcc/arm-none-eabi/9.3.1/../../../../arm-none-eabi/lib/thumb/v7e-m+fp/hard\libm.a(lib_a-e_rem_pio2.o)
                              d:/stm32/cubeide/stm32cubeide_1.8.0/stm32cubeide/plugins/com.st.stm32cube.ide.mcu.externaltools.gnu-tools-for-stm32.9-2020-q2-update.win32_2.0.0.202105311346/tools/bin/../lib/gcc/arm-none-eabi/9.3.1/../../../../arm-none-eabi/lib/thumb/v7e-m+fp/hard\libm.a(lib_a-s_sin.o) (__ieee754_rem_pio2)
[...]
Memory Configuration

Name             Origin             Length             Attributes
CCMRAM           0x0000000010000000 0x0000000000001000 xrw
RAM              0x0000000020000000 0x0000000000003000 xrw
FLASH            0x0000000008000000 0x0000000000010000 xr
*default*        0x0000000000000000 0xffffffffffffffff

Linker script and memory map

LOAD d:/stm32/cubeide/stm32cubeide_1.8.0/stm32cubeide/plugins/com.st.stm32cube.ide.mcu.externaltools.gnu-tools-for-stm32.9-2020-q2-update.win32_2.0.0.202105311346/tools/bin/../lib/gcc/arm-none-eabi/9.3.1/thumb/v7e-m+fp/hard/crti.o
LOAD d:/stm32/cubeide/stm32cubeide_1.8.0/stm32cubeide/plugins/com.st.stm32cube.ide.mcu.externaltools.gnu-tools-for-stm32.9-2020-q2-update.win32_2.0.0.202105311346/tools/bin/../lib/gcc/arm-none-eabi/9.3.1/thumb/v7e-m+fp/hard/crtbegin.o
LOAD d:/stm32/cubeide/stm32cubeide_1.8.0/stm32cubeide/plugins/com.st.stm32cube.ide.mcu.externaltools.gnu-tools-for-stm32.9-2020-q2-update.win32_2.0.0.202105311346/tools/bin/../lib/gcc/arm-none-eabi/9.3.1/../../../../arm-none-eabi/lib/thumb/v7e-m+fp/hard/crt0.o
LOAD ./Core/Src/main.o
LOAD ./Core/Src/pwm_generator.o
LOAD ./Core/Src/slave_i2c.o
LOAD ./Core/Src/state_control.o
LOAD ./Core/Src/stm32f3xx_hal_msp.o
LOAD ./Core/Src/stm32f3xx_it.o
LOAD ./Core/Src/syscalls.o
LOAD ./Core/Src/sysmem.o
LOAD ./Core/Src/system_stm32f3xx.o
LOAD ./Core/Startup/startup_stm32f334r8tx.o
LOAD ./Drivers/STM32F3xx_HAL_Driver/Src/stm32f3xx_hal.o
LOAD ./Drivers/STM32F3xx_HAL_Driver/Src/stm32f3xx_hal_adc.o
LOAD ./Drivers/STM32F3xx_HAL_Driver/Src/stm32f3xx_hal_adc_ex.o
LOAD ./Drivers/STM32F3xx_HAL_Driver/Src/stm32f3xx_hal_cortex.o
LOAD ./Drivers/STM32F3xx_HAL_Driver/Src/stm32f3xx_hal_dma.o
LOAD ./Drivers/STM32F3xx_HAL_Driver/Src/stm32f3xx_hal_exti.o
LOAD ./Drivers/STM32F3xx_HAL_Driver/Src/stm32f3xx_hal_flash.o
LOAD ./Drivers/STM32F3xx_HAL_Driver/Src/stm32f3xx_hal_flash_ex.o
LOAD ./Drivers/STM32F3xx_HAL_Driver/Src/stm32f3xx_hal_gpio.o
LOAD ./Drivers/STM32F3xx_HAL_Driver/Src/stm32f3xx_hal_i2c.o
LOAD ./Drivers/STM32F3xx_HAL_Driver/Src/stm32f3xx_hal_i2c_ex.o
LOAD ./Drivers/STM32F3xx_HAL_Driver/Src/stm32f3xx_hal_pwr.o
LOAD ./Drivers/STM32F3xx_HAL_Driver/Src/stm32f3xx_hal_pwr_ex.o
LOAD ./Drivers/STM32F3xx_HAL_Driver/Src/stm32f3xx_hal_rcc.o
LOAD ./Drivers/STM32F3xx_HAL_Driver/Src/stm32f3xx_hal_rcc_ex.o
LOAD ./Drivers/STM32F3xx_HAL_Driver/Src/stm32f3xx_hal_tim.o
LOAD ./Drivers/STM32F3xx_HAL_Driver/Src/stm32f3xx_hal_tim_ex.o
LOAD ./Drivers/STM32F3xx_HAL_Driver/Src/stm32f3xx_hal_uart.o
LOAD ./Drivers/STM32F3xx_HAL_Driver/Src/stm32f3xx_hal_uart_ex.o
START GROUP
LOAD d:/stm32/cubeide/stm32cubeide_1.8.0/stm32cubeide/plugins/com.st.stm32cube.ide.mcu.externaltools.gnu-tools-for-stm32.9-2020-q2-update.win32_2.0.0.202105311346/tools/bin/../lib/gcc/arm-none-eabi/9.3.1/../../../../arm-none-eabi/lib/thumb/v7e-m+fp/hard\libc_nano.a
LOAD d:/stm32/cubeide/stm32cubeide_1.8.0/stm32cubeide/plugins/com.st.stm32cube.ide.mcu.externaltools.gnu-tools-for-stm32.9-2020-q2-update.win32_2.0.0.202105311346/tools/bin/../lib/gcc/arm-none-eabi/9.3.1/../../../../arm-none-eabi/lib/thumb/v7e-m+fp/hard\libm.a
END GROUP
START GROUP
LOAD d:/stm32/cubeide/stm32cubeide_1.8.0/stm32cubeide/plugins/com.st.stm32cube.ide.mcu.externaltools.gnu-tools-for-stm32.9-2020-q2-update.win32_2.0.0.202105311346/tools/bin/../lib/gcc/arm-none-eabi/9.3.1/thumb/v7e-m+fp/hard\libgcc.a
LOAD d:/stm32/cubeide/stm32cubeide_1.8.0/stm32cubeide/plugins/com.st.stm32cube.ide.mcu.externaltools.gnu-tools-for-stm32.9-2020-q2-update.win32_2.0.0.202105311346/tools/bin/../lib/gcc/arm-none-eabi/9.3.1/../../../../arm-none-eabi/lib/thumb/v7e-m+fp/hard\libc_nano.a
END GROUP
START GROUP
LOAD d:/stm32/cubeide/stm32cubeide_1.8.0/stm32cubeide/plugins/com.st.stm32cube.ide.mcu.externaltools.gnu-tools-for-stm32.9-2020-q2-update.win32_2.0.0.202105311346/tools/bin/../lib/gcc/arm-none-eabi/9.3.1/thumb/v7e-m+fp/hard\libgcc.a
LOAD d:/stm32/cubeide/stm32cubeide_1.8.0/stm32cubeide/plugins/com.st.stm32cube.ide.mcu.externaltools.gnu-tools-for-stm32.9-2020-q2-update.win32_2.0.0.202105311346/tools/bin/../lib/gcc/arm-none-eabi/9.3.1/../../../../arm-none-eabi/lib/thumb/v7e-m+fp/hard\libc_nano.a
LOAD d:/stm32/cubeide/stm32cubeide_1.8.0/stm32cubeide/plugins/com.st.stm32cube.ide.mcu.externaltools.gnu-tools-for-stm32.9-2020-q2-update.win32_2.0.0.202105311346/tools/bin/../lib/gcc/arm-none-eabi/9.3.1/../../../../arm-none-eabi/lib/thumb/v7e-m+fp/hard\libnosys.a
END GROUP
START GROUP
LOAD d:/stm32/cubeide/stm32cubeide_1.8.0/stm32cubeide/plugins/com.st.stm32cube.ide.mcu.externaltools.gnu-tools-for-stm32.9-2020-q2-update.win32_2.0.0.202105311346/tools/bin/../lib/gcc/arm-none-eabi/9.3.1/thumb/v7e-m+fp/hard\libgcc.a
LOAD d:/stm32/cubeide/stm32cubeide_1.8.0/stm32cubeide/plugins/com.st.stm32cube.ide.mcu.externaltools.gnu-tools-for-stm32.9-2020-q2-update.win32_2.0.0.202105311346/tools/bin/../lib/gcc/arm-none-eabi/9.3.1/../../../../arm-none-eabi/lib/thumb/v7e-m+fp/hard\libc_nano.a
LOAD d:/stm32/cubeide/stm32cubeide_1.8.0/stm32cubeide/plugins/com.st.stm32cube.ide.mcu.externaltools.gnu-tools-for-stm32.9-2020-q2-update.win32_2.0.0.202105311346/tools/bin/../lib/gcc/arm-none-eabi/9.3.1/../../../../arm-none-eabi/lib/thumb/v7e-m+fp/hard\libnosys.a
END GROUP
LOAD d:/stm32/cubeide/stm32cubeide_1.8.0/stm32cubeide/plugins/com.st.stm32cube.ide.mcu.externaltools.gnu-tools-for-stm32.9-2020-q2-update.win32_2.0.0.202105311346/tools/bin/../lib/gcc/arm-none-eabi/9.3.1/thumb/v7e-m+fp/hard/crtend.o
LOAD d:/stm32/cubeide/stm32cubeide_1.8.0/stm32cubeide/plugins/com.st.stm32cube.ide.mcu.externaltools.gnu-tools-for-stm32.9-2020-q2-update.win32_2.0.0.202105311346/tools/bin/../lib/gcc/arm-none-eabi/9.3.1/thumb/v7e-m+fp/hard/crtn.o
                0x0000000020003000                _estack = (ORIGIN (RAM) + LENGTH (RAM))
                0x0000000000000200                _Min_Heap_Size = 0x200
                0x0000000000000400                _Min_Stack_Size = 0x400

.isr_vector     0x0000000008000000      0x188
                0x0000000008000000                . = ALIGN (0x4)
 *(.isr_vector)
 .isr_vector    0x0000000008000000      0x188 ./Core/Startup/startup_stm32f334r8tx.o
                0x0000000008000000                g_pfnVectors
                0x0000000008000188                . = ALIGN (0x4)

.text           0x0000000008000188     0x99fc
                0x0000000008000188                . = ALIGN (0x4)
 *(.text)
 .text          0x0000000008000188       0x40 d:/stm32/cubeide/stm32cubeide_1.8.0/stm32cubeide/plugins/com.st.stm32cube.ide.mcu.externaltools.gnu-tools-for-stm32.9-2020-q2-update.win32_2.0.0.202105311346/tools/bin/../lib/gcc/arm-none-eabi/9.3.1/thumb/v7e-m+fp/hard/crtbegin.o
 .text          0x00000000080001c8       0x10 d:/stm32/cubeide/stm32cubeide_1.8.0/stm32cubeide/plugins/com.st.stm32cube.ide.mcu.externaltools.gnu-tools-for-stm32.9-2020-q2-update.win32_2.0.0.202105311346/tools/bin/../lib/gcc/arm-none-eabi/9.3.1/../../../../arm-none-eabi/lib/thumb/v7e-m+fp/hard\libc_nano.a(lib_a-strlen.o)
                0x00000000080001c8                strlen
 .text          0x00000000080001d8      0x378 d:/stm32/cubeide/stm32cubeide_1.8.0/stm32cubeide/plugins/com.st.stm32cube.ide.mcu.externaltools.gnu-tools-for-stm32.9-2020-q2-update.win32_2.0.0.202105311346/tools/bin/../lib/gcc/arm-none-eabi/9.3.1/thumb/v7e-m+fp/hard\libgcc.a(_arm_addsubdf3.o)
                0x00000000080001d8                __aeabi_drsub
                0x00000000080001e0                __aeabi_dsub
                0x00000000080001e0                __subdf3
                0x00000000080001e4                __aeabi_dadd
                0x00000000080001e4                __adddf3
                0x000000000800045c                __floatunsidf
                0x000000000800045c                __aeabi_ui2d
                0x000000000800047c                __floatsidf
                0x000000000800047c                __aeabi_i2d
                0x00000000080004a0                __aeabi_f2d
                0x00000000080004a0                __extendsfdf2
                0x00000000080004e4                __floatundidf
                0x00000000080004e4                __aeabi_ul2d
                0x00000000080004f4                __floatdidf
                0x00000000080004f4                __aeabi_l2d
 .text          0x0000000008000550      0x424 d:/stm32/cubeide/stm32cubeide_1.8.0/stm32cubeide/plugins/com.st.stm32cube.ide.mcu.externaltools.gnu-tools-for-stm32.9-2020-q2-update.win32_2.0.0.202105311346/tools/bin/../lib/gcc/arm-none-eabi/9.3.1/thumb/v7e-m+fp/hard\libgcc.a(_arm_muldivdf3.o)
                0x0000000008000550                __aeabi_dmul
                0x0000000008000550                __muldf3
                0x00000000080007a4                __divdf3
                0x00000000080007a4                __aeabi_ddiv
 .text          0x0000000008000974      0x110 d:/stm32/cubeide/stm32cubeide_1.8.0/stm32cubeide/plugins/com.st.stm32cube.ide.mcu.externaltools.gnu-tools-for-stm32.9-2020-q2-update.win32_2.0.0.202105311346/tools/bin/../lib/gcc/arm-none-eabi/9.3.1/thumb/v7e-m+fp/hard\libgcc.a(_arm_cmpdf2.o)
                0x0000000008000974                __gtdf2
                0x0000000008000974                __gedf2
                0x000000000800097c                __ltdf2
                0x000000000800097c                __ledf2
                0x0000000008000984                __nedf2
                0x0000000008000984                __eqdf2
                0x0000000008000984                __cmpdf2
                0x0000000008000a00                __aeabi_cdrcmple
                0x0000000008000a10                __aeabi_cdcmpeq
                0x0000000008000a10                __aeabi_cdcmple
                0x0000000008000a20                __aeabi_dcmpeq
                0x0000000008000a34                __aeabi_dcmplt
                0x0000000008000a48                __aeabi_dcmple
                0x0000000008000a5c                __aeabi_dcmpge
                0x0000000008000a70                __aeabi_dcmpgt
 .text          0x0000000008000a84       0x2c d:/stm32/cubeide/stm32cubeide_1.8.0/stm32cubeide/plugins/com.st.stm32cube.ide.mcu.externaltools.gnu-tools-for-stm32.9-2020-q2-update.win32_2.0.0.202105311346/tools/bin/../lib/gcc/arm-none-eabi/9.3.1/thumb/v7e-m+fp/hard\libgcc.a(_arm_unorddf2.o)
                0x0000000008000a84                __unorddf2
                0x0000000008000a84                __aeabi_dcmpun
 .text          0x0000000008000ab0       0x50 d:/stm32/cubeide/stm32cubeide_1.8.0/stm32cubeide/plugins/com.st.stm32cube.ide.mcu.externaltools.gnu-tools-for-stm32.9-2020-q2-update.win32_2.0.0.202105311346/tools/bin/../lib/gcc/arm-none-eabi/9.3.1/thumb/v7e-m+fp/hard\libgcc.a(_arm_fixdfsi.o)
                0x0000000008000ab0                __aeabi_d2iz
                0x0000000008000ab0                __fixdfsi
 .text          0x0000000008000b00       0x40 d:/stm32/cubeide/stm32cubeide_1.8.0/stm32cubeide/plugins/com.st.stm32cube.ide.mcu.externaltools.gnu-tools-for-stm32.9-2020-q2-update.win32_2.0.0.202105311346/tools/bin/../lib/gcc/arm-none-eabi/9.3.1/thumb/v7e-m+fp/hard\libgcc.a(_arm_fixunsdfsi.o)
                0x0000000008000b00                __aeabi_d2uiz
                0x0000000008000b00                __fixunsdfsi
 *(.text*)
 .text.main     0x0000000008000b40       0xb4 ./Core/Src/main.o
                0x0000000008000b40                main
 .text.SystemClock_Config
                0x0000000008000bf4       0xc8 ./Core/Src/main.o
                0x0000000008000bf4                SystemClock_Config
 .text.MX_ADC1_Init
                0x0000000008000cbc      0x118 ./Core/Src/main.o
 .text.MX_ADC2_Init
                0x0000000008000dd4       0xd8 ./Core/Src/main.o
 .text.MX_I2C1_Init
                0x0000000008000eac       0x80 ./Core/Src/main.o
 .text.MX_TIM1_Init
                0x0000000008000f2c      0x188 ./Core/Src/main.o
 .text.MX_USART2_UART_Init
                0x00000000080010b4       0x60 ./Core/Src/main.o
 .text.MX_DMA_Init
                0x0000000008001114       0x8c ./Core/Src/main.o
 .text.MX_GPIO_Init
                0x00000000080011a0       0xf8 ./Core/Src/main.o
 .text.Run_Motor
                0x0000000008001298       0x60 ./Core/Src/main.o
                0x0000000008001298                Run_Motor
 .text.Stop_Motor
                0x00000000080012f8       0x48 ./Core/Src/main.o
                0x00000000080012f8                Stop_Motor
 .text.HAL_ADC_ConvCpltCallback
                0x0000000008001340       0xc4 ./Core/Src/main.o
                0x0000000008001340                HAL_ADC_ConvCpltCallback
 .text.HAL_I2C_SlaveRxCpltCallback
                0x0000000008001404       0xc4 ./Core/Src/main.o
                0x0000000008001404                HAL_I2C_SlaveRxCpltCallback
 .text.HAL_I2C_SlaveTxCpltCallback
                0x00000000080014c8       0x2c ./Core/Src/main.o
                0x00000000080014c8                HAL_I2C_SlaveTxCpltCallback
 .text.Error_Handler
                0x00000000080014f4        0xe ./Core/Src/main.o
                0x00000000080014f4                Error_Handler
 *fill*         0x0000000008001502        0x6 
 .text.sv_pwm_120_ls
                0x0000000008001508      0x158 ./Core/Src/pwm_generator.o
                0x0000000008001508                sv_pwm_120_ls
 .text.get_LUT  0x0000000008001660      0x1fc ./Core/Src/pwm_generator.o
                0x0000000008001660                get_LUT
 .text.run_motor_control_stmachine
                0x000000000800185c       0x44 ./Core/Src/state_control.o
                0x000000000800185c                run_motor_control_stmachine
 .text.run_state
                0x00000000080018a0       0x24 ./Core/Src/state_control.o
 .text.lookup_transitions
                0x00000000080018c4       0x80 ./Core/Src/state_control.o
 .text.st_initial
                0x0000000008001944       0x12 ./Core/Src/state_control.o
 *fill*         0x0000000008001956        0x2 
 .text.st_idle  0x0000000008001958       0x30 ./Core/Src/state_control.o
 .text.st_speeding_up
                0x0000000008001988        0xe ./Core/Src/state_control.o
 .text.st_motor_ready
                0x0000000008001996       0x12 ./Core/Src/state_control.o
 .text.st_speeding_down
                0x00000000080019a8       0x24 ./Core/Src/state_control.o
 .text.st_error
                0x00000000080019cc       0x12 ./Core/Src/state_control.o
 *fill*         0x00000000080019de        0x2 
 .text.tr_request_start
                0x00000000080019e0       0x28 ./Core/Src/state_control.o
 .text.tr_constant_current_reached
                0x0000000008001a08       0x70 ./Core/Src/state_control.o
 .text.tr_request_stop
                0x0000000008001a78       0x28 ./Core/Src/state_control.o
 .text.tr_motor_is_down
                0x0000000008001aa0       0x28 ./Core/Src/state_control.o
 .text.tr_isFail
                0x0000000008001ac8       0x10 ./Core/Src/state_control.o
 .text.tr_ack_error
                0x0000000008001ad8       0x10 ./Core/Src/state_control.o
 .text.tr_return_true
                0x0000000008001ae8       0x10 ./Core/Src/state_control.o
 .text.HAL_MspInit
                0x0000000008001af8       0x58 ./Core/Src/stm32f3xx_hal_msp.o
                0x0000000008001af8                HAL_MspInit
 .text.HAL_ADC_MspInit
                0x0000000008001b50      0x188 ./Core/Src/stm32f3xx_hal_msp.o
                0x0000000008001b50                HAL_ADC_MspInit
 .text.HAL_I2C_MspInit
                0x0000000008001cd8      0x160 ./Core/Src/stm32f3xx_hal_msp.o
                0x0000000008001cd8                HAL_I2C_MspInit
 .text.HAL_TIM_Base_MspInit
                0x0000000008001e38      0x14c ./Core/Src/stm32f3xx_hal_msp.o
                0x0000000008001e38                HAL_TIM_Base_MspInit
 .text.HAL_TIM_MspPostInit
                0x0000000008001f84       0xd0 ./Core/Src/stm32f3xx_hal_msp.o
                0x0000000008001f84                HAL_TIM_MspPostInit
 .text.HAL_UART_MspInit
                0x0000000008002054       0x84 ./Core/Src/stm32f3xx_hal_msp.o
                0x0000000008002054                HAL_UART_MspInit
 .text.NMI_Handler
                0x00000000080020d8        0xa ./Core/Src/stm32f3xx_it.o
                0x00000000080020d8                NMI_Handler
 .text.HardFault_Handler
                0x00000000080020e2        0x6 ./Core/Src/stm32f3xx_it.o
                0x00000000080020e2                HardFault_Handler
 .text.MemManage_Handler
                0x00000000080020e8        0x6 ./Core/Src/stm32f3xx_it.o
                0x00000000080020e8                MemManage_Handler
 .text.BusFault_Handler
                0x00000000080020ee        0x6 ./Core/Src/stm32f3xx_it.o
                0x00000000080020ee                BusFault_Handler
 .text.UsageFault_Handler
                0x00000000080020f4        0x6 ./Core/Src/stm32f3xx_it.o
                0x00000000080020f4                UsageFault_Handler
 .text.SVC_Handler
                0x00000000080020fa        0xe ./Core/Src/stm32f3xx_it.o
                0x00000000080020fa                SVC_Handler
 .text.DebugMon_Handler
                0x0000000008002108        0xe ./Core/Src/stm32f3xx_it.o
                0x0000000008002108                DebugMon_Handler
 .text.PendSV_Handler
                0x0000000008002116        0xe ./Core/Src/stm32f3xx_it.o
                0x0000000008002116                PendSV_Handler
 .text.SysTick_Handler
                0x0000000008002124        0xc ./Core/Src/stm32f3xx_it.o
                0x0000000008002124                SysTick_Handler
 .text.DMA1_Channel1_IRQHandler
                0x0000000008002130       0x14 ./Core/Src/stm32f3xx_it.o
                0x0000000008002130                DMA1_Channel1_IRQHandler
 .text.DMA1_Channel2_IRQHandler
                0x0000000008002144       0x14 ./Core/Src/stm32f3xx_it.o
                0x0000000008002144                DMA1_Channel2_IRQHandler
 .text.DMA1_Channel3_IRQHandler
                0x0000000008002158       0x14 ./Core/Src/stm32f3xx_it.o
                0x0000000008002158                DMA1_Channel3_IRQHandler
 .text.DMA1_Channel4_IRQHandler
                0x000000000800216c       0x14 ./Core/Src/stm32f3xx_it.o
                0x000000000800216c                DMA1_Channel4_IRQHandler
 .text.DMA1_Channel5_IRQHandler
                0x0000000008002180       0x14 ./Core/Src/stm32f3xx_it.o
                0x0000000008002180                DMA1_Channel5_IRQHandler
 .text.DMA1_Channel6_IRQHandler
                0x0000000008002194       0x14 ./Core/Src/stm32f3xx_it.o
                0x0000000008002194                DMA1_Channel6_IRQHandler
 .text.I2C1_EV_IRQHandler
                0x00000000080021a8       0x14 ./Core/Src/stm32f3xx_it.o
                0x00000000080021a8                I2C1_EV_IRQHandler
 .text.FPU_IRQHandler
                0x00000000080021bc        0xe ./Core/Src/stm32f3xx_it.o
                0x00000000080021bc                FPU_IRQHandler
 *fill*         0x00000000080021ca        0x2 
 .text.SystemInit
                0x00000000080021cc       0x24 ./Core/Src/system_stm32f3xx.o
                0x00000000080021cc                SystemInit
 .text.Reset_Handler
                0x00000000080021f0       0x50 ./Core/Startup/startup_stm32f334r8tx.o
                0x00000000080021f0                Reset_Handler
 .text.Default_Handler
                0x0000000008002240        0x2 ./Core/Startup/startup_stm32f334r8tx.o
                0x0000000008002240                RTC_Alarm_IRQHandler
                0x0000000008002240                HRTIM1_Master_IRQHandler
                0x0000000008002240                TIM1_CC_IRQHandler
                0x0000000008002240                HRTIM1_FLT_IRQHandler
                0x0000000008002240                PVD_IRQHandler
                0x0000000008002240                HRTIM1_TIMD_IRQHandler
                0x0000000008002240                TAMP_STAMP_IRQHandler
                0x0000000008002240                EXTI3_IRQHandler
                0x0000000008002240                EXTI0_IRQHandler
                0x0000000008002240                CAN_TX_IRQHandler
                0x0000000008002240                TIM1_UP_TIM16_IRQHandler
                0x0000000008002240                ADC1_2_IRQHandler
                0x0000000008002240                HRTIM1_TIME_IRQHandler
                0x0000000008002240                SPI1_IRQHandler
                0x0000000008002240                CAN_SCE_IRQHandler
                0x0000000008002240                HRTIM1_TIMC_IRQHandler
                0x0000000008002240                USART3_IRQHandler
                0x0000000008002240                DMA1_Channel7_IRQHandler
                0x0000000008002240                TIM7_DAC2_IRQHandler
                0x0000000008002240                CAN_RX1_IRQHandler
                0x0000000008002240                TIM3_IRQHandler
                0x0000000008002240                RCC_IRQHandler
                0x0000000008002240                Default_Handler
                0x0000000008002240                EXTI15_10_IRQHandler
                0x0000000008002240                COMP2_IRQHandler
                0x0000000008002240                HRTIM1_TIMA_IRQHandler
                0x0000000008002240                TIM6_DAC1_IRQHandler
                0x0000000008002240                EXTI9_5_IRQHandler
                0x0000000008002240                RTC_WKUP_IRQHandler
                0x0000000008002240                EXTI4_IRQHandler
                0x0000000008002240                HRTIM1_TIMB_IRQHandler
                0x0000000008002240                TIM1_TRG_COM_TIM17_IRQHandler
                0x0000000008002240                WWDG_IRQHandler
                0x0000000008002240                TIM2_IRQHandler
                0x0000000008002240                EXTI1_IRQHandler
                0x0000000008002240                COMP4_6_IRQHandler
                0x0000000008002240                USART2_IRQHandler
                0x0000000008002240                FLASH_IRQHandler
                0x0000000008002240                USART1_IRQHandler
                0x0000000008002240                CAN_RX0_IRQHandler
                0x0000000008002240                I2C1_ER_IRQHandler
                0x0000000008002240                EXTI2_TSC_IRQHandler
                0x0000000008002240                TIM1_BRK_TIM15_IRQHandler
 *fill*         0x0000000008002242        0x2 
 .text.HAL_Init
                0x0000000008002244       0x2c ./Drivers/STM32F3xx_HAL_Driver/Src/stm32f3xx_hal.o
                0x0000000008002244                HAL_Init
 .text.HAL_InitTick
                0x0000000008002270       0x60 ./Drivers/STM32F3xx_HAL_Driver/Src/stm32f3xx_hal.o
                0x0000000008002270                HAL_InitTick
 .text.HAL_IncTick
                0x00000000080022d0       0x28 ./Drivers/STM32F3xx_HAL_Driver/Src/stm32f3xx_hal.o
                0x00000000080022d0                HAL_IncTick
 .text.HAL_GetTick
                0x00000000080022f8       0x18 ./Drivers/STM32F3xx_HAL_Driver/Src/stm32f3xx_hal.o
                0x00000000080022f8                HAL_GetTick
 .text.HAL_Delay
                0x0000000008002310       0x48 ./Drivers/STM32F3xx_HAL_Driver/Src/stm32f3xx_hal.o
                0x0000000008002310                HAL_Delay
 .text.HAL_ADC_ConvHalfCpltCallback
                0x0000000008002358       0x14 ./Drivers/STM32F3xx_HAL_Driver/Src/stm32f3xx_hal_adc.o
                0x0000000008002358                HAL_ADC_ConvHalfCpltCallback
 .text.HAL_ADC_ErrorCallback
                0x000000000800236c       0x14 ./Drivers/STM32F3xx_HAL_Driver/Src/stm32f3xx_hal_adc.o
                0x000000000800236c                HAL_ADC_ErrorCallback
 .text.HAL_ADC_Init
                0x0000000008002380      0x324 ./Drivers/STM32F3xx_HAL_Driver/Src/stm32f3xx_hal_adc_ex.o
                0x0000000008002380                HAL_ADC_Init
 .text.HAL_ADC_Start_DMA
                0x00000000080026a4      0x1b4 ./Drivers/STM32F3xx_HAL_Driver/Src/stm32f3xx_hal_adc_ex.o
                0x00000000080026a4                HAL_ADC_Start_DMA
 .text.HAL_ADC_ConfigChannel
                0x0000000008002858      0x584 ./Drivers/STM32F3xx_HAL_Driver/Src/stm32f3xx_hal_adc_ex.o
                0x0000000008002858                HAL_ADC_ConfigChannel
 .text.HAL_ADCEx_MultiModeConfigChannel
                0x0000000008002ddc      0x18c ./Drivers/STM32F3xx_HAL_Driver/Src/stm32f3xx_hal_adc_ex.o
                0x0000000008002ddc                HAL_ADCEx_MultiModeConfigChannel
 .text.ADC_DMAConvCplt
                0x0000000008002f68       0x7a ./Drivers/STM32F3xx_HAL_Driver/Src/stm32f3xx_hal_adc_ex.o
 .text.ADC_DMAHalfConvCplt
                0x0000000008002fe2       0x1c ./Drivers/STM32F3xx_HAL_Driver/Src/stm32f3xx_hal_adc_ex.o
 .text.ADC_DMAError
                0x0000000008002ffe       0x34 ./Drivers/STM32F3xx_HAL_Driver/Src/stm32f3xx_hal_adc_ex.o
 *fill*         0x0000000008003032        0x2 
 .text.ADC_Enable
                0x0000000008003034       0xc8 ./Drivers/STM32F3xx_HAL_Driver/Src/stm32f3xx_hal_adc_ex.o
 .text.ADC_Disable
                0x00000000080030fc       0xcc ./Drivers/STM32F3xx_HAL_Driver/Src/stm32f3xx_hal_adc_ex.o
 .text.__NVIC_SetPriorityGrouping
                0x00000000080031c8       0x48 ./Drivers/STM32F3xx_HAL_Driver/Src/stm32f3xx_hal_cortex.o
 .text.__NVIC_GetPriorityGrouping
                0x0000000008003210       0x1c ./Drivers/STM32F3xx_HAL_Driver/Src/stm32f3xx_hal_cortex.o
 .text.__NVIC_EnableIRQ
                0x000000000800322c       0x3c ./Drivers/STM32F3xx_HAL_Driver/Src/stm32f3xx_hal_cortex.o
 .text.__NVIC_SetPriority
                0x0000000008003268       0x54 ./Drivers/STM32F3xx_HAL_Driver/Src/stm32f3xx_hal_cortex.o
 .text.NVIC_EncodePriority
                0x00000000080032bc       0x66 ./Drivers/STM32F3xx_HAL_Driver/Src/stm32f3xx_hal_cortex.o
 *fill*         0x0000000008003322        0x2 
 .text.SysTick_Config
                0x0000000008003324       0x44 ./Drivers/STM32F3xx_HAL_Driver/Src/stm32f3xx_hal_cortex.o
 .text.HAL_NVIC_SetPriorityGrouping
                0x0000000008003368       0x16 ./Drivers/STM32F3xx_HAL_Driver/Src/stm32f3xx_hal_cortex.o
                0x0000000008003368                HAL_NVIC_SetPriorityGrouping
 .text.HAL_NVIC_SetPriority
                0x000000000800337e       0x38 ./Drivers/STM32F3xx_HAL_Driver/Src/stm32f3xx_hal_cortex.o
                0x000000000800337e                HAL_NVIC_SetPriority
 .text.HAL_NVIC_EnableIRQ
                0x00000000080033b6       0x1c ./Drivers/STM32F3xx_HAL_Driver/Src/stm32f3xx_hal_cortex.o
                0x00000000080033b6                HAL_NVIC_EnableIRQ
 .text.HAL_SYSTICK_Config
                0x00000000080033d2       0x18 ./Drivers/STM32F3xx_HAL_Driver/Src/stm32f3xx_hal_cortex.o
                0x00000000080033d2                HAL_SYSTICK_Config
 .text.HAL_DMA_Init
                0x00000000080033ea       0x8e ./Drivers/STM32F3xx_HAL_Driver/Src/stm32f3xx_hal_dma.o
                0x00000000080033ea                HAL_DMA_Init
 .text.HAL_DMA_Start_IT
                0x0000000008003478       0xbe ./Drivers/STM32F3xx_HAL_Driver/Src/stm32f3xx_hal_dma.o
                0x0000000008003478                HAL_DMA_Start_IT
 .text.HAL_DMA_Abort_IT
                0x0000000008003536       0x7c ./Drivers/STM32F3xx_HAL_Driver/Src/stm32f3xx_hal_dma.o
                0x0000000008003536                HAL_DMA_Abort_IT
 .text.HAL_DMA_IRQHandler
                0x00000000080035b2      0x146 ./Drivers/STM32F3xx_HAL_Driver/Src/stm32f3xx_hal_dma.o
                0x00000000080035b2                HAL_DMA_IRQHandler
 .text.HAL_DMA_GetState
                0x00000000080036f8       0x1a ./Drivers/STM32F3xx_HAL_Driver/Src/stm32f3xx_hal_dma.o
                0x00000000080036f8                HAL_DMA_GetState
 .text.DMA_SetConfig
                0x0000000008003712       0x5c ./Drivers/STM32F3xx_HAL_Driver/Src/stm32f3xx_hal_dma.o
 *fill*         0x000000000800376e        0x2 
 .text.DMA_CalcBaseAndBitshift
                0x0000000008003770       0x40 ./Drivers/STM32F3xx_HAL_Driver/Src/stm32f3xx_hal_dma.o
 .text.HAL_GPIO_Init
                0x00000000080037b0      0x2e4 ./Drivers/STM32F3xx_HAL_Driver/Src/stm32f3xx_hal_gpio.o
                0x00000000080037b0                HAL_GPIO_Init
 .text.HAL_GPIO_WritePin
                0x0000000008003a94       0x30 ./Drivers/STM32F3xx_HAL_Driver/Src/stm32f3xx_hal_gpio.o
                0x0000000008003a94                HAL_GPIO_WritePin
 .text.HAL_GPIO_TogglePin
                0x0000000008003ac4       0x34 ./Drivers/STM32F3xx_HAL_Driver/Src/stm32f3xx_hal_gpio.o
                0x0000000008003ac4                HAL_GPIO_TogglePin
 .text.HAL_I2C_Init
                0x0000000008003af8      0x11e ./Drivers/STM32F3xx_HAL_Driver/Src/stm32f3xx_hal_i2c.o
                0x0000000008003af8                HAL_I2C_Init
 *fill*         0x0000000008003c16        0x2 
 .text.HAL_I2C_Slave_Transmit_DMA
                0x0000000008003c18      0x16c ./Drivers/STM32F3xx_HAL_Driver/Src/stm32f3xx_hal_i2c.o
                0x0000000008003c18                HAL_I2C_Slave_Transmit_DMA
 .text.HAL_I2C_Slave_Receive_DMA
                0x0000000008003d84      0x16c ./Drivers/STM32F3xx_HAL_Driver/Src/stm32f3xx_hal_i2c.o
                0x0000000008003d84                HAL_I2C_Slave_Receive_DMA
 .text.HAL_I2C_EV_IRQHandler
                0x0000000008003ef0       0x34 ./Drivers/STM32F3xx_HAL_Driver/Src/stm32f3xx_hal_i2c.o
                0x0000000008003ef0                HAL_I2C_EV_IRQHandler
 .text.HAL_I2C_MasterTxCpltCallback
                0x0000000008003f24       0x14 ./Drivers/STM32F3xx_HAL_Driver/Src/stm32f3xx_hal_i2c.o
                0x0000000008003f24                HAL_I2C_MasterTxCpltCallback
 .text.HAL_I2C_MasterRxCpltCallback
                0x0000000008003f38       0x14 ./Drivers/STM32F3xx_HAL_Driver/Src/stm32f3xx_hal_i2c.o
                0x0000000008003f38                HAL_I2C_MasterRxCpltCallback
 .text.HAL_I2C_AddrCallback
                0x0000000008003f4c       0x1c ./Drivers/STM32F3xx_HAL_Driver/Src/stm32f3xx_hal_i2c.o
                0x0000000008003f4c                HAL_I2C_AddrCallback
 .text.HAL_I2C_ListenCpltCallback
                0x0000000008003f68       0x14 ./Drivers/STM32F3xx_HAL_Driver/Src/stm32f3xx_hal_i2c.o
                0x0000000008003f68                HAL_I2C_ListenCpltCallback
 .text.HAL_I2C_MemTxCpltCallback
                0x0000000008003f7c       0x14 ./Drivers/STM32F3xx_HAL_Driver/Src/stm32f3xx_hal_i2c.o
                0x0000000008003f7c                HAL_I2C_MemTxCpltCallback
 .text.HAL_I2C_MemRxCpltCallback
                0x0000000008003f90       0x14 ./Drivers/STM32F3xx_HAL_Driver/Src/stm32f3xx_hal_i2c.o
                0x0000000008003f90                HAL_I2C_MemRxCpltCallback
 .text.HAL_I2C_ErrorCallback
                0x0000000008003fa4       0x14 ./Drivers/STM32F3xx_HAL_Driver/Src/stm32f3xx_hal_i2c.o
                0x0000000008003fa4                HAL_I2C_ErrorCallback
 .text.HAL_I2C_AbortCpltCallback
                0x0000000008003fb8       0x14 ./Drivers/STM32F3xx_HAL_Driver/Src/stm32f3xx_hal_i2c.o
                0x0000000008003fb8                HAL_I2C_AbortCpltCallback
 .text.I2C_Slave_ISR_IT
                0x0000000008003fcc      0x206 ./Drivers/STM32F3xx_HAL_Driver/Src/stm32f3xx_hal_i2c.o
 .text.I2C_Master_ISR_DMA
                0x00000000080041d2      0x1e6 ./Drivers/STM32F3xx_HAL_Driver/Src/stm32f3xx_hal_i2c.o
 .text.I2C_Slave_ISR_DMA
                0x00000000080043b8      0x1c0 ./Drivers/STM32F3xx_HAL_Driver/Src/stm32f3xx_hal_i2c.o
 .text.I2C_ITAddrCplt
                0x0000000008004578      0x108 ./Drivers/STM32F3xx_HAL_Driver/Src/stm32f3xx_hal_i2c.o
 .text.I2C_ITMasterSeqCplt
                0x0000000008004680       0x7a ./Drivers/STM32F3xx_HAL_Driver/Src/stm32f3xx_hal_i2c.o
 .text.I2C_ITSlaveSeqCplt
                0x00000000080046fa       0xbc ./Drivers/STM32F3xx_HAL_Driver/Src/stm32f3xx_hal_i2c.o
 *fill*         0x00000000080047b6        0x2 
 .text.I2C_ITMasterCplt
                0x00000000080047b8      0x194 ./Drivers/STM32F3xx_HAL_Driver/Src/stm32f3xx_hal_i2c.o
 .text.I2C_ITSlaveCplt
                0x000000000800494c      0x214 ./Drivers/STM32F3xx_HAL_Driver/Src/stm32f3xx_hal_i2c.o
 .text.I2C_ITListenCplt
                0x0000000008004b60       0xac ./Drivers/STM32F3xx_HAL_Driver/Src/stm32f3xx_hal_i2c.o
 .text.I2C_ITError
                0x0000000008004c0c      0x1a0 ./Drivers/STM32F3xx_HAL_Driver/Src/stm32f3xx_hal_i2c.o
 .text.I2C_TreatErrorCallback
                0x0000000008004dac       0x4e ./Drivers/STM32F3xx_HAL_Driver/Src/stm32f3xx_hal_i2c.o
 .text.I2C_Flush_TXDR
                0x0000000008004dfa       0x48 ./Drivers/STM32F3xx_HAL_Driver/Src/stm32f3xx_hal_i2c.o
 .text.I2C_DMASlaveTransmitCplt
                0x0000000008004e42       0x40 ./Drivers/STM32F3xx_HAL_Driver/Src/stm32f3xx_hal_i2c.o
 .text.I2C_DMASlaveReceiveCplt
                0x0000000008004e82       0x46 ./Drivers/STM32F3xx_HAL_Driver/Src/stm32f3xx_hal_i2c.o
 .text.I2C_DMAError
                0x0000000008004ec8       0x2e ./Drivers/STM32F3xx_HAL_Driver/Src/stm32f3xx_hal_i2c.o
 .text.I2C_DMAAbort
                0x0000000008004ef6       0x3c ./Drivers/STM32F3xx_HAL_Driver/Src/stm32f3xx_hal_i2c.o
 *fill*         0x0000000008004f32        0x2 
 .text.I2C_TransferConfig
                0x0000000008004f34       0x5c ./Drivers/STM32F3xx_HAL_Driver/Src/stm32f3xx_hal_i2c.o
 .text.I2C_Enable_IRQ
                0x0000000008004f90       0xc8 ./Drivers/STM32F3xx_HAL_Driver/Src/stm32f3xx_hal_i2c.o
 .text.I2C_Disable_IRQ
                0x0000000008005058       0xbc ./Drivers/STM32F3xx_HAL_Driver/Src/stm32f3xx_hal_i2c.o
 .text.HAL_I2CEx_ConfigAnalogFilter
                0x0000000008005114       0x96 ./Drivers/STM32F3xx_HAL_Driver/Src/stm32f3xx_hal_i2c_ex.o
                0x0000000008005114                HAL_I2CEx_ConfigAnalogFilter
 .text.HAL_I2CEx_ConfigDigitalFilter
                0x00000000080051aa       0x98 ./Drivers/STM32F3xx_HAL_Driver/Src/stm32f3xx_hal_i2c_ex.o
                0x00000000080051aa                HAL_I2CEx_ConfigDigitalFilter
 *fill*         0x0000000008005242        0x2 
 .text.HAL_RCC_OscConfig
                0x0000000008005244      0xe10 ./Drivers/STM32F3xx_HAL_Driver/Src/stm32f3xx_hal_rcc.o
                0x0000000008005244                HAL_RCC_OscConfig
 .text.HAL_RCC_ClockConfig
                0x0000000008006054      0x2f8 ./Drivers/STM32F3xx_HAL_Driver/Src/stm32f3xx_hal_rcc.o
                0x0000000008006054                HAL_RCC_ClockConfig
 .text.HAL_RCC_EnableCSS
                0x000000000800634c       0x38 ./Drivers/STM32F3xx_HAL_Driver/Src/stm32f3xx_hal_rcc.o
                0x000000000800634c                HAL_RCC_EnableCSS
 .text.HAL_RCC_GetSysClockFreq
                0x0000000008006384       0xd4 ./Drivers/STM32F3xx_HAL_Driver/Src/stm32f3xx_hal_rcc.o
                0x0000000008006384                HAL_RCC_GetSysClockFreq
 .text.HAL_RCC_GetHCLKFreq
                0x0000000008006458       0x18 ./Drivers/STM32F3xx_HAL_Driver/Src/stm32f3xx_hal_rcc.o
                0x0000000008006458                HAL_RCC_GetHCLKFreq
 .text.HAL_RCC_GetPCLK1Freq
                0x0000000008006470       0x44 ./Drivers/STM32F3xx_HAL_Driver/Src/stm32f3xx_hal_rcc.o
                0x0000000008006470                HAL_RCC_GetPCLK1Freq
 .text.HAL_RCC_GetPCLK2Freq
                0x00000000080064b4       0x44 ./Drivers/STM32F3xx_HAL_Driver/Src/stm32f3xx_hal_rcc.o
                0x00000000080064b4                HAL_RCC_GetPCLK2Freq
 .text.HAL_RCC_NMI_IRQHandler
                0x00000000080064f8       0x28 ./Drivers/STM32F3xx_HAL_Driver/Src/stm32f3xx_hal_rcc.o
                0x00000000080064f8                HAL_RCC_NMI_IRQHandler
 .text.HAL_RCC_CSSCallback
                0x0000000008006520        0xe ./Drivers/STM32F3xx_HAL_Driver/Src/stm32f3xx_hal_rcc.o
                0x0000000008006520                HAL_RCC_CSSCallback
 *fill*         0x000000000800652e        0x2 
 .text.HAL_RCCEx_PeriphCLKConfig
                0x0000000008006530      0x26c ./Drivers/STM32F3xx_HAL_Driver/Src/stm32f3xx_hal_rcc_ex.o
                0x0000000008006530                HAL_RCCEx_PeriphCLKConfig
 .text.HAL_TIM_Base_Init
                0x000000000800679c       0xae ./Drivers/STM32F3xx_HAL_Driver/Src/stm32f3xx_hal_tim.o
                0x000000000800679c                HAL_TIM_Base_Init
 .text.HAL_TIM_PWM_Init
                0x000000000800684a       0xae ./Drivers/STM32F3xx_HAL_Driver/Src/stm32f3xx_hal_tim.o
                0x000000000800684a                HAL_TIM_PWM_Init
 .text.HAL_TIM_PWM_MspInit
                0x00000000080068f8       0x14 ./Drivers/STM32F3xx_HAL_Driver/Src/stm32f3xx_hal_tim.o
                0x00000000080068f8                HAL_TIM_PWM_MspInit
 .text.HAL_TIM_PWM_Start_DMA
                0x000000000800690c      0x40c ./Drivers/STM32F3xx_HAL_Driver/Src/stm32f3xx_hal_tim.o
                0x000000000800690c                HAL_TIM_PWM_Start_DMA
 .text.HAL_TIM_PWM_Stop_DMA
                0x0000000008006d18      0x1e0 ./Drivers/STM32F3xx_HAL_Driver/Src/stm32f3xx_hal_tim.o
                0x0000000008006d18                HAL_TIM_PWM_Stop_DMA
 .text.HAL_TIM_PWM_ConfigChannel
                0x0000000008006ef8      0x228 ./Drivers/STM32F3xx_HAL_Driver/Src/stm32f3xx_hal_tim.o
                0x0000000008006ef8                HAL_TIM_PWM_ConfigChannel
 .text.HAL_TIM_ConfigClockSource
                0x0000000008007120      0x192 ./Drivers/STM32F3xx_HAL_Driver/Src/stm32f3xx_hal_tim.o
                0x0000000008007120                HAL_TIM_ConfigClockSource
 .text.HAL_TIM_PWM_PulseFinishedCallback
                0x00000000080072b2       0x14 ./Drivers/STM32F3xx_HAL_Driver/Src/stm32f3xx_hal_tim.o
                0x00000000080072b2                HAL_TIM_PWM_PulseFinishedCallback
 .text.HAL_TIM_PWM_PulseFinishedHalfCpltCallback
                0x00000000080072c6       0x14 ./Drivers/STM32F3xx_HAL_Driver/Src/stm32f3xx_hal_tim.o
                0x00000000080072c6                HAL_TIM_PWM_PulseFinishedHalfCpltCallback
 .text.HAL_TIM_ErrorCallback
                0x00000000080072da       0x14 ./Drivers/STM32F3xx_HAL_Driver/Src/stm32f3xx_hal_tim.o
                0x00000000080072da                HAL_TIM_ErrorCallback
 .text.TIM_DMAError
                0x00000000080072ee       0x92 ./Drivers/STM32F3xx_HAL_Driver/Src/stm32f3xx_hal_tim.o
                0x00000000080072ee                TIM_DMAError
 .text.TIM_DMADelayPulseCplt
                0x0000000008007380       0xa8 ./Drivers/STM32F3xx_HAL_Driver/Src/stm32f3xx_hal_tim.o
 .text.TIM_DMADelayPulseHalfCplt
                0x0000000008007428       0x68 ./Drivers/STM32F3xx_HAL_Driver/Src/stm32f3xx_hal_tim.o
                0x0000000008007428                TIM_DMADelayPulseHalfCplt
 .text.TIM_Base_SetConfig
                0x0000000008007490       0xf0 ./Drivers/STM32F3xx_HAL_Driver/Src/stm32f3xx_hal_tim.o
                0x0000000008007490                TIM_Base_SetConfig
 .text.TIM_OC1_SetConfig
                0x0000000008007580      0x10c ./Drivers/STM32F3xx_HAL_Driver/Src/stm32f3xx_hal_tim.o
 .text.TIM_OC2_SetConfig
                0x000000000800768c      0x100 ./Drivers/STM32F3xx_HAL_Driver/Src/stm32f3xx_hal_tim.o
                0x000000000800768c                TIM_OC2_SetConfig
 .text.TIM_OC3_SetConfig
                0x000000000800778c       0xfc ./Drivers/STM32F3xx_HAL_Driver/Src/stm32f3xx_hal_tim.o
 .text.TIM_OC4_SetConfig
                0x0000000008007888       0xc8 ./Drivers/STM32F3xx_HAL_Driver/Src/stm32f3xx_hal_tim.o
 .text.TIM_OC5_SetConfig
                0x0000000008007950       0xbc ./Drivers/STM32F3xx_HAL_Driver/Src/stm32f3xx_hal_tim.o
 .text.TIM_OC6_SetConfig
                0x0000000008007a0c       0xc0 ./Drivers/STM32F3xx_HAL_Driver/Src/stm32f3xx_hal_tim.o
 .text.TIM_TI1_ConfigInputStage
                0x0000000008007acc       0x5e ./Drivers/STM32F3xx_HAL_Driver/Src/stm32f3xx_hal_tim.o
 .text.TIM_TI2_ConfigInputStage
                0x0000000008007b2a       0x60 ./Drivers/STM32F3xx_HAL_Driver/Src/stm32f3xx_hal_tim.o
 .text.TIM_ITRx_SetConfig
                0x0000000008007b8a       0x36 ./Drivers/STM32F3xx_HAL_Driver/Src/stm32f3xx_hal_tim.o
 .text.TIM_ETR_SetConfig
                0x0000000008007bc0       0x40 ./Drivers/STM32F3xx_HAL_Driver/Src/stm32f3xx_hal_tim.o
                0x0000000008007bc0                TIM_ETR_SetConfig
 .text.TIM_CCxChannelCmd
                0x0000000008007c00       0x4a ./Drivers/STM32F3xx_HAL_Driver/Src/stm32f3xx_hal_tim.o
                0x0000000008007c00                TIM_CCxChannelCmd
 *fill*         0x0000000008007c4a        0x2 
 .text.HAL_TIMEx_PWMN_Start
                0x0000000008007c4c      0x14c ./Drivers/STM32F3xx_HAL_Driver/Src/stm32f3xx_hal_tim_ex.o
                0x0000000008007c4c                HAL_TIMEx_PWMN_Start
 .text.HAL_TIMEx_PWMN_Stop
                0x0000000008007d98       0xba ./Drivers/STM32F3xx_HAL_Driver/Src/stm32f3xx_hal_tim_ex.o
                0x0000000008007d98                HAL_TIMEx_PWMN_Stop
 *fill*         0x0000000008007e52        0x2 
 .text.HAL_TIMEx_MasterConfigSynchronization
                0x0000000008007e54       0xdc ./Drivers/STM32F3xx_HAL_Driver/Src/stm32f3xx_hal_tim_ex.o
                0x0000000008007e54                HAL_TIMEx_MasterConfigSynchronization
 .text.HAL_TIMEx_ConfigBreakDeadTime
                0x0000000008007f30       0xf0 ./Drivers/STM32F3xx_HAL_Driver/Src/stm32f3xx_hal_tim_ex.o
                0x0000000008007f30                HAL_TIMEx_ConfigBreakDeadTime
 .text.TIM_CCxNChannelCmd
                0x0000000008008020       0x4a ./Drivers/STM32F3xx_HAL_Driver/Src/stm32f3xx_hal_tim_ex.o
 .text.HAL_UART_Init
                0x000000000800806a       0x9c ./Drivers/STM32F3xx_HAL_Driver/Src/stm32f3xx_hal_uart.o
                0x000000000800806a                HAL_UART_Init
 .text.HAL_UART_Transmit
                0x0000000008008106      0x128 ./Drivers/STM32F3xx_HAL_Driver/Src/stm32f3xx_hal_uart.o
                0x0000000008008106                HAL_UART_Transmit
 *fill*         0x000000000800822e        0x2 
 .text.UART_SetConfig
                0x0000000008008230      0x26c ./Drivers/STM32F3xx_HAL_Driver/Src/stm32f3xx_hal_uart.o
                0x0000000008008230                UART_SetConfig
 .text.UART_AdvFeatureConfig
                0x000000000800849c      0x144 ./Drivers/STM32F3xx_HAL_Driver/Src/stm32f3xx_hal_uart.o
                0x000000000800849c                UART_AdvFeatureConfig
 .text.UART_CheckIdleState
                0x00000000080085e0       0x92 ./Drivers/STM32F3xx_HAL_Driver/Src/stm32f3xx_hal_uart.o
                0x00000000080085e0                UART_CheckIdleState
 .text.UART_WaitOnFlagUntilTimeout
                0x0000000008008672      0x188 ./Drivers/STM32F3xx_HAL_Driver/Src/stm32f3xx_hal_uart.o
                0x0000000008008672                UART_WaitOnFlagUntilTimeout
 *fill*         0x00000000080087fa        0x2 
 .text.__errno  0x00000000080087fc        0xc d:/stm32/cubeide/stm32cubeide_1.8.0/stm32cubeide/plugins/com.st.stm32cube.ide.mcu.externaltools.gnu-tools-for-stm32.9-2020-q2-update.win32_2.0.0.202105311346/tools/bin/../lib/gcc/arm-none-eabi/9.3.1/../../../../arm-none-eabi/lib/thumb/v7e-m+fp/hard\libc_nano.a(lib_a-errno.o)
                0x00000000080087fc                __errno
 .text.__libc_init_array
                0x0000000008008808       0x48 d:/stm32/cubeide/stm32cubeide_1.8.0/stm32cubeide/plugins/com.st.stm32cube.ide.mcu.externaltools.gnu-tools-for-stm32.9-2020-q2-update.win32_2.0.0.202105311346/tools/bin/../lib/gcc/arm-none-eabi/9.3.1/../../../../arm-none-eabi/lib/thumb/v7e-m+fp/hard\libc_nano.a(lib_a-init.o)
                0x0000000008008808                __libc_init_array
 .text.memset   0x0000000008008850       0x10 d:/stm32/cubeide/stm32cubeide_1.8.0/stm32cubeide/plugins/com.st.stm32cube.ide.mcu.externaltools.gnu-tools-for-stm32.9-2020-q2-update.win32_2.0.0.202105311346/tools/bin/../lib/gcc/arm-none-eabi/9.3.1/../../../../arm-none-eabi/lib/thumb/v7e-m+fp/hard\libc_nano.a(lib_a-memset.o)
                0x0000000008008850                memset
 .text.sin      0x0000000008008860       0xa8 d:/stm32/cubeide/stm32cubeide_1.8.0/stm32cubeide/plugins/com.st.stm32cube.ide.mcu.externaltools.gnu-tools-for-stm32.9-2020-q2-update.win32_2.0.0.202105311346/tools/bin/../lib/gcc/arm-none-eabi/9.3.1/../../../../arm-none-eabi/lib/thumb/v7e-m+fp/hard\libm.a(lib_a-s_sin.o)
                0x0000000008008860                sin
 .text.fmod     0x0000000008008908       0x78 d:/stm32/cubeide/stm32cubeide_1.8.0/stm32cubeide/plugins/com.st.stm32cube.ide.mcu.externaltools.gnu-tools-for-stm32.9-2020-q2-update.win32_2.0.0.202105311346/tools/bin/../lib/gcc/arm-none-eabi/9.3.1/../../../../arm-none-eabi/lib/thumb/v7e-m+fp/hard\libm.a(lib_a-w_fmod.o)
                0x0000000008008908                fmod
 .text.__ieee754_fmod
                0x0000000008008980      0x224 d:/stm32/cubeide/stm32cubeide_1.8.0/stm32cubeide/plugins/com.st.stm32cube.ide.mcu.externaltools.gnu-tools-for-stm32.9-2020-q2-update.win32_2.0.0.202105311346/tools/bin/../lib/gcc/arm-none-eabi/9.3.1/../../../../arm-none-eabi/lib/thumb/v7e-m+fp/hard\libm.a(lib_a-e_fmod.o)
                0x0000000008008980                __ieee754_fmod
 *fill*         0x0000000008008ba4        0x4 
 .text.__ieee754_rem_pio2
                0x0000000008008ba8      0x414 d:/stm32/cubeide/stm32cubeide_1.8.0/stm32cubeide/plugins/com.st.stm32cube.ide.mcu.externaltools.gnu-tools-for-stm32.9-2020-q2-update.win32_2.0.0.202105311346/tools/bin/../lib/gcc/arm-none-eabi/9.3.1/../../../../arm-none-eabi/lib/thumb/v7e-m+fp/hard\libm.a(lib_a-e_rem_pio2.o)
                0x0000000008008ba8                __ieee754_rem_pio2
 *fill*         0x0000000008008fbc        0x4 
 .text.__kernel_cos
                0x0000000008008fc0      0x18c d:/stm32/cubeide/stm32cubeide_1.8.0/stm32cubeide/plugins/com.st.stm32cube.ide.mcu.externaltools.gnu-tools-for-stm32.9-2020-q2-update.win32_2.0.0.202105311346/tools/bin/../lib/gcc/arm-none-eabi/9.3.1/../../../../arm-none-eabi/lib/thumb/v7e-m+fp/hard\libm.a(lib_a-k_cos.o)
                0x0000000008008fc0                __kernel_cos
 *fill*         0x000000000800914c        0x4 
 .text.__kernel_rem_pio2
                0x0000000008009150      0x680 d:/stm32/cubeide/stm32cubeide_1.8.0/stm32cubeide/plugins/com.st.stm32cube.ide.mcu.externaltools.gnu-tools-for-stm32.9-2020-q2-update.win32_2.0.0.202105311346/tools/bin/../lib/gcc/arm-none-eabi/9.3.1/../../../../arm-none-eabi/lib/thumb/v7e-m+fp/hard\libm.a(lib_a-k_rem_pio2.o)
                0x0000000008009150                __kernel_rem_pio2
 .text.__kernel_sin
                0x00000000080097d0      0x17c d:/stm32/cubeide/stm32cubeide_1.8.0/stm32cubeide/plugins/com.st.stm32cube.ide.mcu.externaltools.gnu-tools-for-stm32.9-2020-q2-update.win32_2.0.0.202105311346/tools/bin/../lib/gcc/arm-none-eabi/9.3.1/../../../../arm-none-eabi/lib/thumb/v7e-m+fp/hard\libm.a(lib_a-k_sin.o)
                0x00000000080097d0                __kernel_sin
 .text.fabs     0x000000000800994c       0x12 d:/stm32/cubeide/stm32cubeide_1.8.0/stm32cubeide/plugins/com.st.stm32cube.ide.mcu.externaltools.gnu-tools-for-stm32.9-2020-q2-update.win32_2.0.0.202105311346/tools/bin/../lib/gcc/arm-none-eabi/9.3.1/../../../../arm-none-eabi/lib/thumb/v7e-m+fp/hard\libm.a(lib_a-s_fabs.o)
                0x000000000800994c                fabs
 *fill*         0x000000000800995e        0x2 
 .text.floor    0x0000000008009960      0x100 d:/stm32/cubeide/stm32cubeide_1.8.0/stm32cubeide/plugins/com.st.stm32cube.ide.mcu.externaltools.gnu-tools-for-stm32.9-2020-q2-update.win32_2.0.0.202105311346/tools/bin/../lib/gcc/arm-none-eabi/9.3.1/../../../../arm-none-eabi/lib/thumb/v7e-m+fp/hard\libm.a(lib_a-s_floor.o)
                0x0000000008009960                floor
 .text.scalbn   0x0000000008009a60      0x10c d:/stm32/cubeide/stm32cubeide_1.8.0/stm32cubeide/plugins/com.st.stm32cube.ide.mcu.externaltools.gnu-tools-for-stm32.9-2020-q2-update.win32_2.0.0.202105311346/tools/bin/../lib/gcc/arm-none-eabi/9.3.1/../../../../arm-none-eabi/lib/thumb/v7e-m+fp/hard\libm.a(lib_a-s_scalbn.o)
                0x0000000008009a60                scalbn
 *(.glue_7)
 .glue_7        0x0000000008009b6c        0x0 linker stubs
 *(.glue_7t)
 .glue_7t       0x0000000008009b6c        0x0 linker stubs
 *(.eh_frame)
 .eh_frame      0x0000000008009b6c        0x0 d:/stm32/cubeide/stm32cubeide_1.8.0/stm32cubeide/plugins/com.st.stm32cube.ide.mcu.externaltools.gnu-tools-for-stm32.9-2020-q2-update.win32_2.0.0.202105311346/tools/bin/../lib/gcc/arm-none-eabi/9.3.1/thumb/v7e-m+fp/hard/crtbegin.o
 *(.init)
 .init          0x0000000008009b6c        0x4 d:/stm32/cubeide/stm32cubeide_1.8.0/stm32cubeide/plugins/com.st.stm32cube.ide.mcu.externaltools.gnu-tools-for-stm32.9-2020-q2-update.win32_2.0.0.202105311346/tools/bin/../lib/gcc/arm-none-eabi/9.3.1/thumb/v7e-m+fp/hard/crti.o
                0x0000000008009b6c                _init
 .init          0x0000000008009b70        0x8 d:/stm32/cubeide/stm32cubeide_1.8.0/stm32cubeide/plugins/com.st.stm32cube.ide.mcu.externaltools.gnu-tools-for-stm32.9-2020-q2-update.win32_2.0.0.202105311346/tools/bin/../lib/gcc/arm-none-eabi/9.3.1/thumb/v7e-m+fp/hard/crtn.o
 *(.fini)
 .fini          0x0000000008009b78        0x4 d:/stm32/cubeide/stm32cubeide_1.8.0/stm32cubeide/plugins/com.st.stm32cube.ide.mcu.externaltools.gnu-tools-for-stm32.9-2020-q2-update.win32_2.0.0.202105311346/tools/bin/../lib/gcc/arm-none-eabi/9.3.1/thumb/v7e-m+fp/hard/crti.o
                0x0000000008009b78                _fini
 .fini          0x0000000008009b7c        0x8 d:/stm32/cubeide/stm32cubeide_1.8.0/stm32cubeide/plugins/com.st.stm32cube.ide.mcu.externaltools.gnu-tools-for-stm32.9-2020-q2-update.win32_2.0.0.202105311346/tools/bin/../lib/gcc/arm-none-eabi/9.3.1/thumb/v7e-m+fp/hard/crtn.o
                0x0000000008009b84                . = ALIGN (0x4)
                0x0000000008009b84                _etext = .

.vfp11_veneer   0x0000000008009b84        0x0
 .vfp11_veneer  0x0000000008009b84        0x0 linker stubs

.v4_bx          0x0000000008009b84        0x0
 .v4_bx         0x0000000008009b84        0x0 linker stubs

.iplt           0x0000000008009b84        0x0
 .iplt          0x0000000008009b84        0x0 d:/stm32/cubeide/stm32cubeide_1.8.0/stm32cubeide/plugins/com.st.stm32cube.ide.mcu.externaltools.gnu-tools-for-stm32.9-2020-q2-update.win32_2.0.0.202105311346/tools/bin/../lib/gcc/arm-none-eabi/9.3.1/thumb/v7e-m+fp/hard/crtbegin.o

.rodata         0x0000000008009b88      0x258
                0x0000000008009b88                . = ALIGN (0x4)
 *(.rodata)
 .rodata        0x0000000008009b88       0x16 ./Core/Src/main.o
 *(.rodata*)
 *fill*         0x0000000008009b9e        0x2 
 .rodata.state_table
                0x0000000008009ba0       0x1c ./Core/Src/state_control.o
                0x0000000008009ba0                state_table
 .rodata.AHBPrescTable
                0x0000000008009bbc       0x10 ./Core/Src/system_stm32f3xx.o
                0x0000000008009bbc                AHBPrescTable
 .rodata.APBPrescTable
                0x0000000008009bcc        0x8 ./Core/Src/system_stm32f3xx.o
                0x0000000008009bcc                APBPrescTable
 .rodata.aPLLMULFactorTable
                0x0000000008009bd4       0x10 ./Drivers/STM32F3xx_HAL_Driver/Src/stm32f3xx_hal_rcc.o
                0x0000000008009bd4                aPLLMULFactorTable
 .rodata.aPredivFactorTable
                0x0000000008009be4       0x10 ./Drivers/STM32F3xx_HAL_Driver/Src/stm32f3xx_hal_rcc.o
                0x0000000008009be4                aPredivFactorTable
 *fill*         0x0000000008009bf4        0x4 
 .rodata.Zero   0x0000000008009bf8       0x10 d:/stm32/cubeide/stm32cubeide_1.8.0/stm32cubeide/plugins/com.st.stm32cube.ide.mcu.externaltools.gnu-tools-for-stm32.9-2020-q2-update.win32_2.0.0.202105311346/tools/bin/../lib/gcc/arm-none-eabi/9.3.1/../../../../arm-none-eabi/lib/thumb/v7e-m+fp/hard\libm.a(lib_a-e_fmod.o)
 .rodata.npio2_hw
                0x0000000008009c08       0x80 d:/stm32/cubeide/stm32cubeide_1.8.0/stm32cubeide/plugins/com.st.stm32cube.ide.mcu.externaltools.gnu-tools-for-stm32.9-2020-q2-update.win32_2.0.0.202105311346/tools/bin/../lib/gcc/arm-none-eabi/9.3.1/../../../../arm-none-eabi/lib/thumb/v7e-m+fp/hard\libm.a(lib_a-e_rem_pio2.o)
 .rodata.two_over_pi
                0x0000000008009c88      0x108 d:/stm32/cubeide/stm32cubeide_1.8.0/stm32cubeide/plugins/com.st.stm32cube.ide.mcu.externaltools.gnu-tools-for-stm32.9-2020-q2-update.win32_2.0.0.202105311346/tools/bin/../lib/gcc/arm-none-eabi/9.3.1/../../../../arm-none-eabi/lib/thumb/v7e-m+fp/hard\libm.a(lib_a-e_rem_pio2.o)
 .rodata.PIo2   0x0000000008009d90       0x40 d:/stm32/cubeide/stm32cubeide_1.8.0/stm32cubeide/plugins/com.st.stm32cube.ide.mcu.externaltools.gnu-tools-for-stm32.9-2020-q2-update.win32_2.0.0.202105311346/tools/bin/../lib/gcc/arm-none-eabi/9.3.1/../../../../arm-none-eabi/lib/thumb/v7e-m+fp/hard\libm.a(lib_a-k_rem_pio2.o)
 .rodata.init_jk
                0x0000000008009dd0       0x10 d:/stm32/cubeide/stm32cubeide_1.8.0/stm32cubeide/plugins/com.st.stm32cube.ide.mcu.externaltools.gnu-tools-for-stm32.9-2020-q2-update.win32_2.0.0.202105311346/tools/bin/../lib/gcc/arm-none-eabi/9.3.1/../../../../arm-none-eabi/lib/thumb/v7e-m+fp/hard\libm.a(lib_a-k_rem_pio2.o)
                0x0000000008009de0                . = ALIGN (0x4)

.rel.dyn        0x0000000008009de0        0x0
 .rel.iplt      0x0000000008009de0        0x0 d:/stm32/cubeide/stm32cubeide_1.8.0/stm32cubeide/plugins/com.st.stm32cube.ide.mcu.externaltools.gnu-tools-for-stm32.9-2020-q2-update.win32_2.0.0.202105311346/tools/bin/../lib/gcc/arm-none-eabi/9.3.1/thumb/v7e-m+fp/hard/crtbegin.o

.ARM.extab      0x0000000008009de0        0x0
                0x0000000008009de0                . = ALIGN (0x4)
 *(.ARM.extab* .gnu.linkonce.armextab.*)
                0x0000000008009de0                . = ALIGN (0x4)

.ARM            0x0000000008009de0        0x0
                0x0000000008009de0                . = ALIGN (0x4)
                0x0000000008009de0                __exidx_start = .
 *(.ARM.exidx*)
                0x0000000008009de0                __exidx_end = .
                0x0000000008009de0                . = ALIGN (0x4)

.preinit_array  0x0000000008009de0        0x0
                0x0000000008009de0                . = ALIGN (0x4)
                0x0000000008009de0                PROVIDE (__preinit_array_start = .)
 *(.preinit_array*)
                0x0000000008009de0                PROVIDE (__preinit_array_end = .)
                0x0000000008009de0                . = ALIGN (0x4)

.init_array     0x0000000008009de0        0x4
                0x0000000008009de0                . = ALIGN (0x4)
                0x0000000008009de0                PROVIDE (__init_array_start = .)
 *(SORT_BY_NAME(.init_array.*))
 *(.init_array*)
 .init_array    0x0000000008009de0        0x4 d:/stm32/cubeide/stm32cubeide_1.8.0/stm32cubeide/plugins/com.st.stm32cube.ide.mcu.externaltools.gnu-tools-for-stm32.9-2020-q2-update.win32_2.0.0.202105311346/tools/bin/../lib/gcc/arm-none-eabi/9.3.1/thumb/v7e-m+fp/hard/crtbegin.o
                0x0000000008009de4                PROVIDE (__init_array_end = .)
                0x0000000008009de4                . = ALIGN (0x4)

.fini_array     0x0000000008009de4        0x4
                0x0000000008009de4                . = ALIGN (0x4)
                [!provide]                        PROVIDE (__fini_array_start = .)
 *(SORT_BY_NAME(.fini_array.*))
 *(.fini_array*)
 .fini_array    0x0000000008009de4        0x4 d:/stm32/cubeide/stm32cubeide_1.8.0/stm32cubeide/plugins/com.st.stm32cube.ide.mcu.externaltools.gnu-tools-for-stm32.9-2020-q2-update.win32_2.0.0.202105311346/tools/bin/../lib/gcc/arm-none-eabi/9.3.1/thumb/v7e-m+fp/hard/crtbegin.o
                [!provide]                        PROVIDE (__fini_array_end = .)
                0x0000000008009de8                . = ALIGN (0x4)
                0x0000000008009de8                _sidata = LOADADDR (.data)

.data           0x0000000020000000      0x108 load address 0x0000000008009de8
                0x0000000020000000                . = ALIGN (0x4)
                0x0000000020000000                _sdata = .
 *(.data)
 *(.data*)
 .data.MAX_DUTY
                0x0000000020000000        0x2 ./Core/Src/pwm_generator.o
                0x0000000020000000                MAX_DUTY
 *fill*         0x0000000020000002        0x2 
 .data.state_transitions
                0x0000000020000004       0x90 ./Core/Src/state_control.o
                0x0000000020000004                state_transitions
 .data.SystemCoreClock
                0x0000000020000094        0x4 ./Core/Src/system_stm32f3xx.o
                0x0000000020000094                SystemCoreClock
 .data.uwTickPrio
                0x0000000020000098        0x4 ./Drivers/STM32F3xx_HAL_Driver/Src/stm32f3xx_hal.o
                0x0000000020000098                uwTickPrio
 .data.uwTickFreq
                0x000000002000009c        0x1 ./Drivers/STM32F3xx_HAL_Driver/Src/stm32f3xx_hal.o
                0x000000002000009c                uwTickFreq
 *fill*         0x000000002000009d        0x3 
 .data._impure_ptr
                0x00000000200000a0        0x4 d:/stm32/cubeide/stm32cubeide_1.8.0/stm32cubeide/plugins/com.st.stm32cube.ide.mcu.externaltools.gnu-tools-for-stm32.9-2020-q2-update.win32_2.0.0.202105311346/tools/bin/../lib/gcc/arm-none-eabi/9.3.1/../../../../arm-none-eabi/lib/thumb/v7e-m+fp/hard\libc_nano.a(lib_a-impure.o)
                0x00000000200000a0                _impure_ptr
 .data.impure_data
                0x00000000200000a4       0x60 d:/stm32/cubeide/stm32cubeide_1.8.0/stm32cubeide/plugins/com.st.stm32cube.ide.mcu.externaltools.gnu-tools-for-stm32.9-2020-q2-update.win32_2.0.0.202105311346/tools/bin/../lib/gcc/arm-none-eabi/9.3.1/../../../../arm-none-eabi/lib/thumb/v7e-m+fp/hard\libc_nano.a(lib_a-impure.o)
 .data.__fdlib_version
                0x0000000020000104        0x1 d:/stm32/cubeide/stm32cubeide_1.8.0/stm32cubeide/plugins/com.st.stm32cube.ide.mcu.externaltools.gnu-tools-for-stm32.9-2020-q2-update.win32_2.0.0.202105311346/tools/bin/../lib/gcc/arm-none-eabi/9.3.1/../../../../arm-none-eabi/lib/thumb/v7e-m+fp/hard\libm.a(lib_a-s_lib_ver.o)
                0x0000000020000104                __fdlib_version
 *(.RamFunc)
 *(.RamFunc*)
                0x0000000020000108                . = ALIGN (0x4)
 *fill*         0x0000000020000105        0x3 
                0x0000000020000108                _edata = .
                0x0000000008009ef0                _siccmram = LOADADDR (.ccmram)

.igot.plt       0x0000000020000108        0x0 load address 0x0000000008009ef0
 .igot.plt      0x0000000020000108        0x0 d:/stm32/cubeide/stm32cubeide_1.8.0/stm32cubeide/plugins/com.st.stm32cube.ide.mcu.externaltools.gnu-tools-for-stm32.9-2020-q2-update.win32_2.0.0.202105311346/tools/bin/../lib/gcc/arm-none-eabi/9.3.1/thumb/v7e-m+fp/hard/crtbegin.o

.ccmram         0x0000000010000000        0x0 load address 0x0000000008009ef0
                0x0000000010000000                . = ALIGN (0x4)
                0x0000000010000000                _sccmram = .
 *(.ccmram)
 *(.ccmram*)
                0x0000000010000000                . = ALIGN (0x4)
                0x0000000010000000                _eccmram = .
                0x0000000010000000                . = ALIGN (0x4)

.bss            0x0000000020000108     0x1f74
                0x0000000020000108                _sbss = .
                0x0000000020000108                __bss_start__ = _sbss
 *(.bss)
 .bss           0x0000000020000108       0x1c d:/stm32/cubeide/stm32cubeide_1.8.0/stm32cubeide/plugins/com.st.stm32cube.ide.mcu.externaltools.gnu-tools-for-stm32.9-2020-q2-update.win32_2.0.0.202105311346/tools/bin/../lib/gcc/arm-none-eabi/9.3.1/thumb/v7e-m+fp/hard/crtbegin.o
 *(.bss*)
 .bss.iW        0x0000000020000124        0x2 ./Core/Src/main.o
                0x0000000020000124                iW
 .bss.cur_state
                0x0000000020000126        0x1 ./Core/Src/state_control.o
                0x0000000020000126                cur_state
 .bss.next_state
                0x0000000020000127        0x1 ./Core/Src/state_control.o
                0x0000000020000127                next_state
 .bss.b_request_start
                0x0000000020000128        0x1 ./Core/Src/state_control.o
                0x0000000020000128                b_request_start
 .bss.b_request_stop
                0x0000000020000129        0x1 ./Core/Src/state_control.o
                0x0000000020000129                b_request_stop
 .bss.b_request_ack_reset
                0x000000002000012a        0x1 ./Core/Src/state_control.o
                0x000000002000012a                b_request_ack_reset
 *fill*         0x000000002000012b        0x1 
 .bss.HAL_RCC_ADC12_CLK_ENABLED
                0x000000002000012c        0x4 ./Core/Src/stm32f3xx_hal_msp.o
 *(COMMON)
 COMMON         0x0000000020000130     0x1f3e ./Core/Src/main.o
                0x0000000020000130                hdma_tim1_ch1
                0x0000000020000174                LUT_B2
                0x000000002000023c                data2send
                0x000000002000024c                hdma_tim1_ch3
                0x0000000020000290                hadc2
                0x00000000200002e0                hdma_i2c1_tx
                0x0000000020000324                hi2c1
                0x0000000020000370                data2receive
                0x0000000020000380                hdma_tim1_ch2
                0x00000000200003c4                adc2_buffer
                0x0000000020000554                VTH
                0x0000000020000558                i2c_data2receive
                0x0000000020000568                LUT_B3
                0x0000000020000630                pmw_2_data
                0x0000000020000644                hadc1
                0x0000000020000694                buffer
                0x00000000200006b4                hdma_adc1
                0x00000000200006f8                iV
                0x00000000200006fc                i2c_data2send
                0x000000002000070c                htim1
                0x0000000020000758                hdma_i2c1_rx
                0x000000002000079c                adc1_buffer
                0x0000000020001f0c                pmw_1_data
                0x0000000020001f20                huart2
                0x0000000020001fa4                LUT_B1
                0x000000002000206c                iU
 *fill*         0x000000002000206e        0x2 
 COMMON         0x0000000020002070        0x8 ./Core/Src/state_control.o
                0x0000000020002070                delay_motor_down
 COMMON         0x0000000020002078        0x4 ./Drivers/STM32F3xx_HAL_Driver/Src/stm32f3xx_hal.o
                0x0000000020002078                uwTick
                0x000000002000207c                . = ALIGN (0x4)
                0x000000002000207c                _ebss = .
                0x000000002000207c                __bss_end__ = _ebss

._user_heap_stack
                0x000000002000207c      0x604
                0x0000000020002080                . = ALIGN (0x8)
 *fill*         0x000000002000207c        0x4 
                [!provide]                        PROVIDE (end = .)
                0x0000000020002080                PROVIDE (_end = .)
                0x0000000020002280                . = (. + _Min_Heap_Size)
 *fill*         0x0000000020002080      0x200 
                0x0000000020002680                . = (. + _Min_Stack_Size)
 *fill*         0x0000000020002280      0x400 
                0x0000000020002680                . = ALIGN (0x8)

/DISCARD/
 libc.a(*)
 libm.a(*)
 libgcc.a(*)

.ARM.attributes
                0x0000000000000000       0x30
 *(.ARM.attributes)
 .ARM.attributes
                0x0000000000000000       0x1e d:/stm32/cubeide/stm32cubeide_1.8.0/stm32cubeide/plugins/com.st.stm32cube.ide.mcu.externaltools.gnu-tools-for-stm32.9-2020-q2-update.win32_2.0.0.202105311346/tools/bin/../lib/gcc/arm-none-eabi/9.3.1/thumb/v7e-m+fp/hard/crti.o
 .ARM.attributes
                0x000000000000001e       0x34 d:/stm32/cubeide/stm32cubeide_1.8.0/stm32cubeide/plugins/com.st.stm32cube.ide.mcu.externaltools.gnu-tools-for-stm32.9-2020-q2-update.win32_2.0.0.202105311346/tools/bin/../lib/gcc/arm-none-eabi/9.3.1/thumb/v7e-m+fp/hard/crtbegin.o
 .ARM.attributes
                0x0000000000000052       0x34 ./Core/Src/main.o
 .ARM.attributes
                0x0000000000000086       0x34 ./Core/Src/pwm_generator.o
 .ARM.attributes
                0x00000000000000ba       0x34 ./Core/Src/state_control.o
 .ARM.attributes
                0x00000000000000ee       0x34 ./Core/Src/stm32f3xx_hal_msp.o
 .ARM.attributes
                0x0000000000000122       0x34 ./Core/Src/stm32f3xx_it.o
 .ARM.attributes
                0x0000000000000156       0x34 ./Core/Src/system_stm32f3xx.o
 .ARM.attributes
                0x000000000000018a       0x21 ./Core/Startup/startup_stm32f334r8tx.o
 .ARM.attributes
                0x00000000000001ab       0x34 ./Drivers/STM32F3xx_HAL_Driver/Src/stm32f3xx_hal.o
 .ARM.attributes
                0x00000000000001df       0x34 ./Drivers/STM32F3xx_HAL_Driver/Src/stm32f3xx_hal_adc.o
 .ARM.attributes
                0x0000000000000213       0x34 ./Drivers/STM32F3xx_HAL_Driver/Src/stm32f3xx_hal_adc_ex.o
 .ARM.attributes
                0x0000000000000247       0x34 ./Drivers/STM32F3xx_HAL_Driver/Src/stm32f3xx_hal_cortex.o
 .ARM.attributes
                0x000000000000027b       0x34 ./Drivers/STM32F3xx_HAL_Driver/Src/stm32f3xx_hal_dma.o
 .ARM.attributes
                0x00000000000002af       0x34 ./Drivers/STM32F3xx_HAL_Driver/Src/stm32f3xx_hal_gpio.o
 .ARM.attributes
                0x00000000000002e3       0x34 ./Drivers/STM32F3xx_HAL_Driver/Src/stm32f3xx_hal_i2c.o
 .ARM.attributes
                0x0000000000000317       0x34 ./Drivers/STM32F3xx_HAL_Driver/Src/stm32f3xx_hal_i2c_ex.o
 .ARM.attributes
                0x000000000000034b       0x34 ./Drivers/STM32F3xx_HAL_Driver/Src/stm32f3xx_hal_rcc.o
 .ARM.attributes
                0x000000000000037f       0x34 ./Drivers/STM32F3xx_HAL_Driver/Src/stm32f3xx_hal_rcc_ex.o
 .ARM.attributes
                0x00000000000003b3       0x34 ./Drivers/STM32F3xx_HAL_Driver/Src/stm32f3xx_hal_tim.o
 .ARM.attributes
                0x00000000000003e7       0x34 ./Drivers/STM32F3xx_HAL_Driver/Src/stm32f3xx_hal_tim_ex.o
 .ARM.attributes
                0x000000000000041b       0x34 ./Drivers/STM32F3xx_HAL_Driver/Src/stm32f3xx_hal_uart.o
 .ARM.attributes
                0x000000000000044f       0x34 d:/stm32/cubeide/stm32cubeide_1.8.0/stm32cubeide/plugins/com.st.stm32cube.ide.mcu.externaltools.gnu-tools-for-stm32.9-2020-q2-update.win32_2.0.0.202105311346/tools/bin/../lib/gcc/arm-none-eabi/9.3.1/../../../../arm-none-eabi/lib/thumb/v7e-m+fp/hard\libc_nano.a(lib_a-errno.o)
 .ARM.attributes
                0x0000000000000483       0x32 d:/stm32/cubeide/stm32cubeide_1.8.0/stm32cubeide/plugins/com.st.stm32cube.ide.mcu.externaltools.gnu-tools-for-stm32.9-2020-q2-update.win32_2.0.0.202105311346/tools/bin/../lib/gcc/arm-none-eabi/9.3.1/../../../../arm-none-eabi/lib/thumb/v7e-m+fp/hard\libc_nano.a(lib_a-impure.o)
 .ARM.attributes
                0x00000000000004b5       0x34 d:/stm32/cubeide/stm32cubeide_1.8.0/stm32cubeide/plugins/com.st.stm32cube.ide.mcu.externaltools.gnu-tools-for-stm32.9-2020-q2-update.win32_2.0.0.202105311346/tools/bin/../lib/gcc/arm-none-eabi/9.3.1/../../../../arm-none-eabi/lib/thumb/v7e-m+fp/hard\libc_nano.a(lib_a-init.o)
 .ARM.attributes
                0x00000000000004e9       0x34 d:/stm32/cubeide/stm32cubeide_1.8.0/stm32cubeide/plugins/com.st.stm32cube.ide.mcu.externaltools.gnu-tools-for-stm32.9-2020-q2-update.win32_2.0.0.202105311346/tools/bin/../lib/gcc/arm-none-eabi/9.3.1/../../../../arm-none-eabi/lib/thumb/v7e-m+fp/hard\libc_nano.a(lib_a-memset.o)
 .ARM.attributes
                0x000000000000051d       0x17 d:/stm32/cubeide/stm32cubeide_1.8.0/stm32cubeide/plugins/com.st.stm32cube.ide.mcu.externaltools.gnu-tools-for-stm32.9-2020-q2-update.win32_2.0.0.202105311346/tools/bin/../lib/gcc/arm-none-eabi/9.3.1/../../../../arm-none-eabi/lib/thumb/v7e-m+fp/hard\libc_nano.a(lib_a-strlen.o)
 .ARM.attributes
                0x0000000000000534       0x34 d:/stm32/cubeide/stm32cubeide_1.8.0/stm32cubeide/plugins/com.st.stm32cube.ide.mcu.externaltools.gnu-tools-for-stm32.9-2020-q2-update.win32_2.0.0.202105311346/tools/bin/../lib/gcc/arm-none-eabi/9.3.1/../../../../arm-none-eabi/lib/thumb/v7e-m+fp/hard\libm.a(lib_a-s_sin.o)
 .ARM.attributes
                0x0000000000000568       0x34 d:/stm32/cubeide/stm32cubeide_1.8.0/stm32cubeide/plugins/com.st.stm32cube.ide.mcu.externaltools.gnu-tools-for-stm32.9-2020-q2-update.win32_2.0.0.202105311346/tools/bin/../lib/gcc/arm-none-eabi/9.3.1/../../../../arm-none-eabi/lib/thumb/v7e-m+fp/hard\libm.a(lib_a-w_fmod.o)
 .ARM.attributes
                0x000000000000059c       0x34 d:/stm32/cubeide/stm32cubeide_1.8.0/stm32cubeide/plugins/com.st.stm32cube.ide.mcu.externaltools.gnu-tools-for-stm32.9-2020-q2-update.win32_2.0.0.202105311346/tools/bin/../lib/gcc/arm-none-eabi/9.3.1/../../../../arm-none-eabi/lib/thumb/v7e-m+fp/hard\libm.a(lib_a-e_fmod.o)
 .ARM.attributes
                0x00000000000005d0       0x34 d:/stm32/cubeide/stm32cubeide_1.8.0/stm32cubeide/plugins/com.st.stm32cube.ide.mcu.externaltools.gnu-tools-for-stm32.9-2020-q2-update.win32_2.0.0.202105311346/tools/bin/../lib/gcc/arm-none-eabi/9.3.1/../../../../arm-none-eabi/lib/thumb/v7e-m+fp/hard\libm.a(lib_a-e_rem_pio2.o)
 .ARM.attributes
                0x0000000000000604       0x34 d:/stm32/cubeide/stm32cubeide_1.8.0/stm32cubeide/plugins/com.st.stm32cube.ide.mcu.externaltools.gnu-tools-for-stm32.9-2020-q2-update.win32_2.0.0.202105311346/tools/bin/../lib/gcc/arm-none-eabi/9.3.1/../../../../arm-none-eabi/lib/thumb/v7e-m+fp/hard\libm.a(lib_a-k_cos.o)
 .ARM.attributes
                0x0000000000000638       0x34 d:/stm32/cubeide/stm32cubeide_1.8.0/stm32cubeide/plugins/com.st.stm32cube.ide.mcu.externaltools.gnu-tools-for-stm32.9-2020-q2-update.win32_2.0.0.202105311346/tools/bin/../lib/gcc/arm-none-eabi/9.3.1/../../../../arm-none-eabi/lib/thumb/v7e-m+fp/hard\libm.a(lib_a-k_rem_pio2.o)
 .ARM.attributes
                0x000000000000066c       0x34 d:/stm32/cubeide/stm32cubeide_1.8.0/stm32cubeide/plugins/com.st.stm32cube.ide.mcu.externaltools.gnu-tools-for-stm32.9-2020-q2-update.win32_2.0.0.202105311346/tools/bin/../lib/gcc/arm-none-eabi/9.3.1/../../../../arm-none-eabi/lib/thumb/v7e-m+fp/hard\libm.a(lib_a-k_sin.o)
 .ARM.attributes
                0x00000000000006a0       0x34 d:/stm32/cubeide/stm32cubeide_1.8.0/stm32cubeide/plugins/com.st.stm32cube.ide.mcu.externaltools.gnu-tools-for-stm32.9-2020-q2-update.win32_2.0.0.202105311346/tools/bin/../lib/gcc/arm-none-eabi/9.3.1/../../../../arm-none-eabi/lib/thumb/v7e-m+fp/hard\libm.a(lib_a-s_fabs.o)
 .ARM.attributes
                0x00000000000006d4       0x34 d:/stm32/cubeide/stm32cubeide_1.8.0/stm32cubeide/plugins/com.st.stm32cube.ide.mcu.externaltools.gnu-tools-for-stm32.9-2020-q2-update.win32_2.0.0.202105311346/tools/bin/../lib/gcc/arm-none-eabi/9.3.1/../../../../arm-none-eabi/lib/thumb/v7e-m+fp/hard\libm.a(lib_a-s_floor.o)
 .ARM.attributes
                0x0000000000000708       0x32 d:/stm32/cubeide/stm32cubeide_1.8.0/stm32cubeide/plugins/com.st.stm32cube.ide.mcu.externaltools.gnu-tools-for-stm32.9-2020-q2-update.win32_2.0.0.202105311346/tools/bin/../lib/gcc/arm-none-eabi/9.3.1/../../../../arm-none-eabi/lib/thumb/v7e-m+fp/hard\libm.a(lib_a-s_lib_ver.o)
 .ARM.attributes
                0x000000000000073a       0x34 d:/stm32/cubeide/stm32cubeide_1.8.0/stm32cubeide/plugins/com.st.stm32cube.ide.mcu.externaltools.gnu-tools-for-stm32.9-2020-q2-update.win32_2.0.0.202105311346/tools/bin/../lib/gcc/arm-none-eabi/9.3.1/../../../../arm-none-eabi/lib/thumb/v7e-m+fp/hard\libm.a(lib_a-s_scalbn.o)
 .ARM.attributes
                0x000000000000076e       0x1e d:/stm32/cubeide/stm32cubeide_1.8.0/stm32cubeide/plugins/com.st.stm32cube.ide.mcu.externaltools.gnu-tools-for-stm32.9-2020-q2-update.win32_2.0.0.202105311346/tools/bin/../lib/gcc/arm-none-eabi/9.3.1/thumb/v7e-m+fp/hard\libgcc.a(_arm_addsubdf3.o)
 .ARM.attributes
                0x000000000000078c       0x1e d:/stm32/cubeide/stm32cubeide_1.8.0/stm32cubeide/plugins/com.st.stm32cube.ide.mcu.externaltools.gnu-tools-for-stm32.9-2020-q2-update.win32_2.0.0.202105311346/tools/bin/../lib/gcc/arm-none-eabi/9.3.1/thumb/v7e-m+fp/hard\libgcc.a(_arm_muldivdf3.o)
 .ARM.attributes
                0x00000000000007aa       0x1e d:/stm32/cubeide/stm32cubeide_1.8.0/stm32cubeide/plugins/com.st.stm32cube.ide.mcu.externaltools.gnu-tools-for-stm32.9-2020-q2-update.win32_2.0.0.202105311346/tools/bin/../lib/gcc/arm-none-eabi/9.3.1/thumb/v7e-m+fp/hard\libgcc.a(_arm_cmpdf2.o)
 .ARM.attributes
                0x00000000000007c8       0x1e d:/stm32/cubeide/stm32cubeide_1.8.0/stm32cubeide/plugins/com.st.stm32cube.ide.mcu.externaltools.gnu-tools-for-stm32.9-2020-q2-update.win32_2.0.0.202105311346/tools/bin/../lib/gcc/arm-none-eabi/9.3.1/thumb/v7e-m+fp/hard\libgcc.a(_arm_unorddf2.o)
 .ARM.attributes
                0x00000000000007e6       0x1e d:/stm32/cubeide/stm32cubeide_1.8.0/stm32cubeide/plugins/com.st.stm32cube.ide.mcu.externaltools.gnu-tools-for-stm32.9-2020-q2-update.win32_2.0.0.202105311346/tools/bin/../lib/gcc/arm-none-eabi/9.3.1/thumb/v7e-m+fp/hard\libgcc.a(_arm_fixdfsi.o)
 .ARM.attributes
                0x0000000000000804       0x1e d:/stm32/cubeide/stm32cubeide_1.8.0/stm32cubeide/plugins/com.st.stm32cube.ide.mcu.externaltools.gnu-tools-for-stm32.9-2020-q2-update.win32_2.0.0.202105311346/tools/bin/../lib/gcc/arm-none-eabi/9.3.1/thumb/v7e-m+fp/hard\libgcc.a(_arm_fixunsdfsi.o)
 .ARM.attributes
                0x0000000000000822       0x1e d:/stm32/cubeide/stm32cubeide_1.8.0/stm32cubeide/plugins/com.st.stm32cube.ide.mcu.externaltools.gnu-tools-for-stm32.9-2020-q2-update.win32_2.0.0.202105311346/tools/bin/../lib/gcc/arm-none-eabi/9.3.1/thumb/v7e-m+fp/hard/crtn.o
OUTPUT(pwm_tests.elf elf32-littlearm)
LOAD linker stubs
LOAD d:/stm32/cubeide/stm32cubeide_1.8.0/stm32cubeide/plugins/com.st.stm32cube.ide.mcu.externaltools.gnu-tools-for-stm32.9-2020-q2-update.win32_2.0.0.202105311346/tools/bin/../lib/gcc/arm-none-eabi/9.3.1/../../../../arm-none-eabi/lib/thumb/v7e-m+fp/hard\libc.a
LOAD d:/stm32/cubeide/stm32cubeide_1.8.0/stm32cubeide/plugins/com.st.stm32cube.ide.mcu.externaltools.gnu-tools-for-stm32.9-2020-q2-update.win32_2.0.0.202105311346/tools/bin/../lib/gcc/arm-none-eabi/9.3.1/../../../../arm-none-eabi/lib/thumb/v7e-m+fp/hard\libm.a
LOAD d:/stm32/cubeide/stm32cubeide_1.8.0/stm32cubeide/plugins/com.st.stm32cube.ide.mcu.externaltools.gnu-tools-for-stm32.9-2020-q2-update.win32_2.0.0.202105311346/tools/bin/../lib/gcc/arm-none-eabi/9.3.1/thumb/v7e-m+fp/hard\libgcc.a

.debug_info     0x0000000000000000    0x16c7b
 .debug_info    0x0000000000000000     0x278b ./Core/Src/main.o
 .debug_info    0x000000000000278b      0xa80 ./Core/Src/pwm_generator.o
 .debug_info    0x000000000000320b      0x5d7 ./Core/Src/state_control.o
 .debug_info    0x00000000000037e2     0x19a0 ./Core/Src/stm32f3xx_hal_msp.o
 .debug_info    0x0000000000005182      0x89e ./Core/Src/stm32f3xx_it.o
 .debug_info    0x0000000000005a20      0x49a ./Core/Src/system_stm32f3xx.o
 .debug_info    0x0000000000005eba       0x22 ./Core/Startup/startup_stm32f334r8tx.o
 .debug_info    0x0000000000005edc      0x7dd ./Drivers/STM32F3xx_HAL_Driver/Src/stm32f3xx_hal.o
 .debug_info    0x00000000000066b9      0xc8d ./Drivers/STM32F3xx_HAL_Driver/Src/stm32f3xx_hal_adc.o
 .debug_info    0x0000000000007346     0x16c7 ./Drivers/STM32F3xx_HAL_Driver/Src/stm32f3xx_hal_adc_ex.o
 .debug_info    0x0000000000008a0d      0xc09 ./Drivers/STM32F3xx_HAL_Driver/Src/stm32f3xx_hal_cortex.o
 .debug_info    0x0000000000009616      0x839 ./Drivers/STM32F3xx_HAL_Driver/Src/stm32f3xx_hal_dma.o
 .debug_info    0x0000000000009e4f      0x83d ./Drivers/STM32F3xx_HAL_Driver/Src/stm32f3xx_hal_gpio.o
 .debug_info    0x000000000000a68c     0x21c4 ./Drivers/STM32F3xx_HAL_Driver/Src/stm32f3xx_hal_i2c.o
 .debug_info    0x000000000000c850      0xa2c ./Drivers/STM32F3xx_HAL_Driver/Src/stm32f3xx_hal_i2c_ex.o
 .debug_info    0x000000000000d27c     0x15b5 ./Drivers/STM32F3xx_HAL_Driver/Src/stm32f3xx_hal_rcc.o
 .debug_info    0x000000000000e831      0x61d ./Drivers/STM32F3xx_HAL_Driver/Src/stm32f3xx_hal_rcc_ex.o
 .debug_info    0x000000000000ee4e     0x2cf6 ./Drivers/STM32F3xx_HAL_Driver/Src/stm32f3xx_hal_tim.o
 .debug_info    0x0000000000011b44     0x163e ./Drivers/STM32F3xx_HAL_Driver/Src/stm32f3xx_hal_tim_ex.o
 .debug_info    0x0000000000013182     0x3af9 ./Drivers/STM32F3xx_HAL_Driver/Src/stm32f3xx_hal_uart.o

.debug_abbrev   0x0000000000000000     0x2a2d
 .debug_abbrev  0x0000000000000000      0x334 ./Core/Src/main.o
 .debug_abbrev  0x0000000000000334      0x217 ./Core/Src/pwm_generator.o
 .debug_abbrev  0x000000000000054b      0x20f ./Core/Src/state_control.o
 .debug_abbrev  0x000000000000075a      0x224 ./Core/Src/stm32f3xx_hal_msp.o
 .debug_abbrev  0x000000000000097e      0x1b5 ./Core/Src/stm32f3xx_it.o
 .debug_abbrev  0x0000000000000b33      0x145 ./Core/Src/system_stm32f3xx.o
 .debug_abbrev  0x0000000000000c78       0x12 ./Core/Startup/startup_stm32f334r8tx.o
 .debug_abbrev  0x0000000000000c8a      0x1ed ./Drivers/STM32F3xx_HAL_Driver/Src/stm32f3xx_hal.o
 .debug_abbrev  0x0000000000000e77      0x1a7 ./Drivers/STM32F3xx_HAL_Driver/Src/stm32f3xx_hal_adc.o
 .debug_abbrev  0x000000000000101e      0x253 ./Drivers/STM32F3xx_HAL_Driver/Src/stm32f3xx_hal_adc_ex.o
 .debug_abbrev  0x0000000000001271      0x313 ./Drivers/STM32F3xx_HAL_Driver/Src/stm32f3xx_hal_cortex.o
 .debug_abbrev  0x0000000000001584      0x228 ./Drivers/STM32F3xx_HAL_Driver/Src/stm32f3xx_hal_dma.o
 .debug_abbrev  0x00000000000017ac      0x1e8 ./Drivers/STM32F3xx_HAL_Driver/Src/stm32f3xx_hal_gpio.o
 .debug_abbrev  0x0000000000001994      0x256 ./Drivers/STM32F3xx_HAL_Driver/Src/stm32f3xx_hal_i2c.o
 .debug_abbrev  0x0000000000001bea      0x1dd ./Drivers/STM32F3xx_HAL_Driver/Src/stm32f3xx_hal_i2c_ex.o
 .debug_abbrev  0x0000000000001dc7      0x2c4 ./Drivers/STM32F3xx_HAL_Driver/Src/stm32f3xx_hal_rcc.o
 .debug_abbrev  0x000000000000208b      0x22b ./Drivers/STM32F3xx_HAL_Driver/Src/stm32f3xx_hal_rcc_ex.o
 .debug_abbrev  0x00000000000022b6      0x25e ./Drivers/STM32F3xx_HAL_Driver/Src/stm32f3xx_hal_tim.o
 .debug_abbrev  0x0000000000002514      0x266 ./Drivers/STM32F3xx_HAL_Driver/Src/stm32f3xx_hal_tim_ex.o
 .debug_abbrev  0x000000000000277a      0x2b3 ./Drivers/STM32F3xx_HAL_Driver/Src/stm32f3xx_hal_uart.o

.debug_aranges  0x0000000000000000     0x12b8
 .debug_aranges
                0x0000000000000000       0x90 ./Core/Src/main.o
 .debug_aranges
                0x0000000000000090       0x30 ./Core/Src/pwm_generator.o
 .debug_aranges
                0x00000000000000c0       0x98 ./Core/Src/state_control.o
 .debug_aranges
                0x0000000000000158       0x68 ./Core/Src/stm32f3xx_hal_msp.o
 .debug_aranges
                0x00000000000001c0       0xa0 ./Core/Src/stm32f3xx_it.o
 .debug_aranges
                0x0000000000000260       0x28 ./Core/Src/system_stm32f3xx.o
 .debug_aranges
                0x0000000000000288       0x28 ./Core/Startup/startup_stm32f334r8tx.o
 .debug_aranges
                0x00000000000002b0       0xe0 ./Drivers/STM32F3xx_HAL_Driver/Src/stm32f3xx_hal.o
 .debug_aranges
                0x0000000000000390       0xc8 ./Drivers/STM32F3xx_HAL_Driver/Src/stm32f3xx_hal_adc.o
 .debug_aranges
                0x0000000000000458      0x168 ./Drivers/STM32F3xx_HAL_Driver/Src/stm32f3xx_hal_adc_ex.o
 .debug_aranges
                0x00000000000005c0      0x100 ./Drivers/STM32F3xx_HAL_Driver/Src/stm32f3xx_hal_cortex.o
 .debug_aranges
                0x00000000000006c0       0x88 ./Drivers/STM32F3xx_HAL_Driver/Src/stm32f3xx_hal_dma.o
 .debug_aranges
                0x0000000000000748       0x58 ./Drivers/STM32F3xx_HAL_Driver/Src/stm32f3xx_hal_gpio.o
 .debug_aranges
                0x00000000000007a0      0x290 ./Drivers/STM32F3xx_HAL_Driver/Src/stm32f3xx_hal_i2c.o
 .debug_aranges
                0x0000000000000a30       0x48 ./Drivers/STM32F3xx_HAL_Driver/Src/stm32f3xx_hal_i2c_ex.o
 .debug_aranges
                0x0000000000000a78       0x88 ./Drivers/STM32F3xx_HAL_Driver/Src/stm32f3xx_hal_rcc.o
 .debug_aranges
                0x0000000000000b00       0x38 ./Drivers/STM32F3xx_HAL_Driver/Src/stm32f3xx_hal_rcc_ex.o
 .debug_aranges
                0x0000000000000b38      0x3e0 ./Drivers/STM32F3xx_HAL_Driver/Src/stm32f3xx_hal_tim.o
 .debug_aranges
                0x0000000000000f18      0x178 ./Drivers/STM32F3xx_HAL_Driver/Src/stm32f3xx_hal_tim_ex.o
 .debug_aranges
                0x0000000000001090      0x228 ./Drivers/STM32F3xx_HAL_Driver/Src/stm32f3xx_hal_uart.o

.debug_ranges   0x0000000000000000     0x11b0
 .debug_ranges  0x0000000000000000       0x80 ./Core/Src/main.o
 .debug_ranges  0x0000000000000080       0x20 ./Core/Src/pwm_generator.o
 .debug_ranges  0x00000000000000a0       0x88 ./Core/Src/state_control.o
 .debug_ranges  0x0000000000000128       0x58 ./Core/Src/stm32f3xx_hal_msp.o
 .debug_ranges  0x0000000000000180       0x90 ./Core/Src/stm32f3xx_it.o
 .debug_ranges  0x0000000000000210       0x18 ./Core/Src/system_stm32f3xx.o
 .debug_ranges  0x0000000000000228       0x20 ./Core/Startup/startup_stm32f334r8tx.o
 .debug_ranges  0x0000000000000248       0xd0 ./Drivers/STM32F3xx_HAL_Driver/Src/stm32f3xx_hal.o
 .debug_ranges  0x0000000000000318       0xb8 ./Drivers/STM32F3xx_HAL_Driver/Src/stm32f3xx_hal_adc.o
 .debug_ranges  0x00000000000003d0      0x158 ./Drivers/STM32F3xx_HAL_Driver/Src/stm32f3xx_hal_adc_ex.o
 .debug_ranges  0x0000000000000528       0xf0 ./Drivers/STM32F3xx_HAL_Driver/Src/stm32f3xx_hal_cortex.o
 .debug_ranges  0x0000000000000618       0x78 ./Drivers/STM32F3xx_HAL_Driver/Src/stm32f3xx_hal_dma.o
 .debug_ranges  0x0000000000000690       0x48 ./Drivers/STM32F3xx_HAL_Driver/Src/stm32f3xx_hal_gpio.o
 .debug_ranges  0x00000000000006d8      0x280 ./Drivers/STM32F3xx_HAL_Driver/Src/stm32f3xx_hal_i2c.o
 .debug_ranges  0x0000000000000958       0x38 ./Drivers/STM32F3xx_HAL_Driver/Src/stm32f3xx_hal_i2c_ex.o
 .debug_ranges  0x0000000000000990       0x78 ./Drivers/STM32F3xx_HAL_Driver/Src/stm32f3xx_hal_rcc.o
 .debug_ranges  0x0000000000000a08       0x28 ./Drivers/STM32F3xx_HAL_Driver/Src/stm32f3xx_hal_rcc_ex.o
 .debug_ranges  0x0000000000000a30      0x3d0 ./Drivers/STM32F3xx_HAL_Driver/Src/stm32f3xx_hal_tim.o
 .debug_ranges  0x0000000000000e00      0x168 ./Drivers/STM32F3xx_HAL_Driver/Src/stm32f3xx_hal_tim_ex.o
 .debug_ranges  0x0000000000000f68      0x248 ./Drivers/STM32F3xx_HAL_Driver/Src/stm32f3xx_hal_uart.o

.debug_macro    0x0000000000000000    0x21f3a
 .debug_macro   0x0000000000000000      0x3d8 ./Core/Src/main.o
 .debug_macro   0x00000000000003d8      0xaa8 ./Core/Src/main.o
 .debug_macro   0x0000000000000e80      0x15d ./Core/Src/main.o
 .debug_macro   0x0000000000000fdd       0x2e ./Core/Src/main.o
 .debug_macro   0x000000000000100b       0x28 ./Core/Src/main.o
 .debug_macro   0x0000000000001033       0x22 ./Core/Src/main.o
 .debug_macro   0x0000000000001055       0x8e ./Core/Src/main.o
 .debug_macro   0x00000000000010e3       0x51 ./Core/Src/main.o
 .debug_macro   0x0000000000001134      0x103 ./Core/Src/main.o
 .debug_macro   0x0000000000001237       0x6a ./Core/Src/main.o
 .debug_macro   0x00000000000012a1      0x1df ./Core/Src/main.o
 .debug_macro   0x0000000000001480       0x1c ./Core/Src/main.o
 .debug_macro   0x000000000000149c       0x22 ./Core/Src/main.o
 .debug_macro   0x00000000000014be       0xdf ./Core/Src/main.o
 .debug_macro   0x000000000000159d      0xf07 ./Core/Src/main.o
 .debug_macro   0x00000000000024a4    0x1585b ./Core/Src/main.o
 .debug_macro   0x0000000000017cff       0x6d ./Core/Src/main.o
 .debug_macro   0x0000000000017d6c     0x3540 ./Core/Src/main.o
 .debug_macro   0x000000000001b2ac      0x174 ./Core/Src/main.o
 .debug_macro   0x000000000001b420       0x55 ./Core/Src/main.o
 .debug_macro   0x000000000001b475      0x8f9 ./Core/Src/main.o
 .debug_macro   0x000000000001bd6e      0x358 ./Core/Src/main.o
 .debug_macro   0x000000000001c0c6      0x1b6 ./Core/Src/main.o
 .debug_macro   0x000000000001c27c      0x130 ./Core/Src/main.o
 .debug_macro   0x000000000001c3ac      0x1d5 ./Core/Src/main.o
 .debug_macro   0x000000000001c581      0x1bc ./Core/Src/main.o
 .debug_macro   0x000000000001c73d       0x34 ./Core/Src/main.o
 .debug_macro   0x000000000001c771       0x3c ./Core/Src/main.o
 .debug_macro   0x000000000001c7ad       0x57 ./Core/Src/main.o
 .debug_macro   0x000000000001c804      0x845 ./Core/Src/main.o
 .debug_macro   0x000000000001d049       0x77 ./Core/Src/main.o
 .debug_macro   0x000000000001d0c0       0xc5 ./Core/Src/main.o
 .debug_macro   0x000000000001d185      0x19f ./Core/Src/main.o
 .debug_macro   0x000000000001d324      0x22c ./Core/Src/main.o
 .debug_macro   0x000000000001d550       0x5b ./Core/Src/main.o
 .debug_macro   0x000000000001d5ab       0xa5 ./Core/Src/main.o
 .debug_macro   0x000000000001d650       0x81 ./Core/Src/main.o
 .debug_macro   0x000000000001d6d1       0xd3 ./Core/Src/main.o
 .debug_macro   0x000000000001d7a4      0xa3d ./Core/Src/main.o
 .debug_macro   0x000000000001e1e1       0x59 ./Core/Src/main.o
 .debug_macro   0x000000000001e23a      0x5a5 ./Core/Src/main.o
 .debug_macro   0x000000000001e7df       0x44 ./Core/Src/main.o
 .debug_macro   0x000000000001e823      0x2a1 ./Core/Src/main.o
 .debug_macro   0x000000000001eac4       0xac ./Core/Src/main.o
 .debug_macro   0x000000000001eb70       0x10 ./Core/Src/main.o
 .debug_macro   0x000000000001eb80       0x22 ./Core/Src/main.o
 .debug_macro   0x000000000001eba2       0x28 ./Core/Src/main.o
 .debug_macro   0x000000000001ebca       0x52 ./Core/Src/main.o
 .debug_macro   0x000000000001ec1c       0x18 ./Core/Src/main.o
 .debug_macro   0x000000000001ec34       0x3c ./Core/Src/main.o
 .debug_macro   0x000000000001ec70       0x34 ./Core/Src/main.o
 .debug_macro   0x000000000001eca4       0x16 ./Core/Src/main.o
 .debug_macro   0x000000000001ecba       0x43 ./Core/Src/main.o
 .debug_macro   0x000000000001ecfd       0x34 ./Core/Src/main.o
 .debug_macro   0x000000000001ed31       0x10 ./Core/Src/main.o
 .debug_macro   0x000000000001ed41       0x58 ./Core/Src/main.o
 .debug_macro   0x000000000001ed99       0x71 ./Core/Src/main.o
 .debug_macro   0x000000000001ee0a       0x1c ./Core/Src/main.o
 .debug_macro   0x000000000001ee26      0x12a ./Core/Src/main.o
 .debug_macro   0x000000000001ef50      0x333 ./Core/Src/main.o
 .debug_macro   0x000000000001f283       0x10 ./Core/Src/main.o
 .debug_macro   0x000000000001f293       0x35 ./Core/Src/main.o
 .debug_macro   0x000000000001f2c8       0x20 ./Core/Src/main.o
 .debug_macro   0x000000000001f2e8       0x1c ./Core/Src/main.o
 .debug_macro   0x000000000001f304       0x10 ./Core/Src/main.o
 .debug_macro   0x000000000001f314       0x10 ./Core/Src/main.o
 .debug_macro   0x000000000001f324       0x1c ./Core/Src/main.o
 .debug_macro   0x000000000001f340       0x52 ./Core/Src/main.o
 .debug_macro   0x000000000001f392       0x22 ./Core/Src/main.o
 .debug_macro   0x000000000001f3b4       0x10 ./Core/Src/main.o
 .debug_macro   0x000000000001f3c4       0x40 ./Core/Src/main.o
 .debug_macro   0x000000000001f404       0xd5 ./Core/Src/main.o
 .debug_macro   0x000000000001f4d9       0x1c ./Core/Src/main.o
 .debug_macro   0x000000000001f4f5       0x3d ./Core/Src/main.o
 .debug_macro   0x000000000001f532       0x16 ./Core/Src/main.o
 .debug_macro   0x000000000001f548      0x145 ./Core/Src/main.o
 .debug_macro   0x000000000001f68d      0x116 ./Core/Src/pwm_generator.o
 .debug_macro   0x000000000001f7a3       0x4c ./Core/Src/pwm_generator.o
 .debug_macro   0x000000000001f7ef       0x94 ./Core/Src/pwm_generator.o
 .debug_macro   0x000000000001f883       0x57 ./Core/Src/pwm_generator.o
 .debug_macro   0x000000000001f8da      0x339 ./Core/Src/pwm_generator.o
 .debug_macro   0x000000000001fc13      0x1a9 ./Core/Src/pwm_generator.o
 .debug_macro   0x000000000001fdbc      0x209 ./Core/Src/state_control.o
 .debug_macro   0x000000000001ffc5      0x1ee ./Core/Src/stm32f3xx_hal_msp.o
 .debug_macro   0x00000000000201b3      0x1f8 ./Core/Src/stm32f3xx_it.o
 .debug_macro   0x00000000000203ab      0x1df ./Core/Src/system_stm32f3xx.o
 .debug_macro   0x000000000002058a      0x203 ./Drivers/STM32F3xx_HAL_Driver/Src/stm32f3xx_hal.o
 .debug_macro   0x000000000002078d      0x1e0 ./Drivers/STM32F3xx_HAL_Driver/Src/stm32f3xx_hal_adc.o
 .debug_macro   0x000000000002096d      0x209 ./Drivers/STM32F3xx_HAL_Driver/Src/stm32f3xx_hal_adc_ex.o
 .debug_macro   0x0000000000020b76      0x1df ./Drivers/STM32F3xx_HAL_Driver/Src/stm32f3xx_hal_cortex.o
 .debug_macro   0x0000000000020d55      0x1df ./Drivers/STM32F3xx_HAL_Driver/Src/stm32f3xx_hal_dma.o
 .debug_macro   0x0000000000020f34      0x1e6 ./Drivers/STM32F3xx_HAL_Driver/Src/stm32f3xx_hal_gpio.o
 .debug_macro   0x000000000002111a      0x2a4 ./Drivers/STM32F3xx_HAL_Driver/Src/stm32f3xx_hal_i2c.o
 .debug_macro   0x00000000000213be      0x1df ./Drivers/STM32F3xx_HAL_Driver/Src/stm32f3xx_hal_i2c_ex.o
 .debug_macro   0x000000000002159d      0x203 ./Drivers/STM32F3xx_HAL_Driver/Src/stm32f3xx_hal_rcc.o
 .debug_macro   0x00000000000217a0      0x1df ./Drivers/STM32F3xx_HAL_Driver/Src/stm32f3xx_hal_rcc_ex.o
 .debug_macro   0x000000000002197f      0x1e0 ./Drivers/STM32F3xx_HAL_Driver/Src/stm32f3xx_hal_tim.o
 .debug_macro   0x0000000000021b5f      0x1df ./Drivers/STM32F3xx_HAL_Driver/Src/stm32f3xx_hal_tim_ex.o
 .debug_macro   0x0000000000021d3e      0x1fc ./Drivers/STM32F3xx_HAL_Driver/Src/stm32f3xx_hal_uart.o

.debug_line     0x0000000000000000    0x17334
 .debug_line    0x0000000000000000      0xe12 ./Core/Src/main.o
 .debug_line    0x0000000000000e12      0x68f ./Core/Src/pwm_generator.o
 .debug_line    0x00000000000014a1      0x978 ./Core/Src/state_control.o
 .debug_line    0x0000000000001e19      0x9e5 ./Core/Src/stm32f3xx_hal_msp.o
 .debug_line    0x00000000000027fe      0x8c0 ./Core/Src/stm32f3xx_it.o
 .debug_line    0x00000000000030be      0x7b6 ./Core/Src/system_stm32f3xx.o
 .debug_line    0x0000000000003874       0x88 ./Core/Startup/startup_stm32f334r8tx.o
 .debug_line    0x00000000000038fc      0x9eb ./Drivers/STM32F3xx_HAL_Driver/Src/stm32f3xx_hal.o
 .debug_line    0x00000000000042e7      0x92f ./Drivers/STM32F3xx_HAL_Driver/Src/stm32f3xx_hal_adc.o
 .debug_line    0x0000000000004c16     0x20da ./Drivers/STM32F3xx_HAL_Driver/Src/stm32f3xx_hal_adc_ex.o
 .debug_line    0x0000000000006cf0      0xbd3 ./Drivers/STM32F3xx_HAL_Driver/Src/stm32f3xx_hal_cortex.o
 .debug_line    0x00000000000078c3      0xcd9 ./Drivers/STM32F3xx_HAL_Driver/Src/stm32f3xx_hal_dma.o
 .debug_line    0x000000000000859c      0xb38 ./Drivers/STM32F3xx_HAL_Driver/Src/stm32f3xx_hal_gpio.o
 .debug_line    0x00000000000090d4     0x32fa ./Drivers/STM32F3xx_HAL_Driver/Src/stm32f3xx_hal_i2c.o
 .debug_line    0x000000000000c3ce      0x95d ./Drivers/STM32F3xx_HAL_Driver/Src/stm32f3xx_hal_i2c_ex.o
 .debug_line    0x000000000000cd2b     0x13c5 ./Drivers/STM32F3xx_HAL_Driver/Src/stm32f3xx_hal_rcc.o
 .debug_line    0x000000000000e0f0      0xad7 ./Drivers/STM32F3xx_HAL_Driver/Src/stm32f3xx_hal_rcc_ex.o
 .debug_line    0x000000000000ebc7     0x3c10 ./Drivers/STM32F3xx_HAL_Driver/Src/stm32f3xx_hal_tim.o
 .debug_line    0x00000000000127d7     0x1a5e ./Drivers/STM32F3xx_HAL_Driver/Src/stm32f3xx_hal_tim_ex.o
 .debug_line    0x0000000000014235     0x30ff ./Drivers/STM32F3xx_HAL_Driver/Src/stm32f3xx_hal_uart.o

.debug_str      0x0000000000000000    0xcc7dd
 .debug_str     0x0000000000000000    0xc7b63 ./Core/Src/main.o
                                      0xc8147 (size before relaxing)
 .debug_str     0x00000000000c7b63      0x85e ./Core/Src/pwm_generator.o
                                       0x7a62 (size before relaxing)
 .debug_str     0x00000000000c83c1      0x1f3 ./Core/Src/state_control.o
                                      0xc2a4b (size before relaxing)
 .debug_str     0x00000000000c85b4      0x14b ./Core/Src/stm32f3xx_hal_msp.o
                                      0xc3901 (size before relaxing)
 .debug_str     0x00000000000c86ff      0x175 ./Core/Src/stm32f3xx_it.o
                                      0xc2d98 (size before relaxing)
 .debug_str     0x00000000000c8874       0xb3 ./Core/Src/system_stm32f3xx.o
                                      0xc2596 (size before relaxing)
 .debug_str     0x00000000000c8927       0x36 ./Core/Startup/startup_stm32f334r8tx.o
                                         0x66 (size before relaxing)
 .debug_str     0x00000000000c895d      0x305 ./Drivers/STM32F3xx_HAL_Driver/Src/stm32f3xx_hal.o
                                      0xc2c5c (size before relaxing)
 .debug_str     0x00000000000c8c62      0x211 ./Drivers/STM32F3xx_HAL_Driver/Src/stm32f3xx_hal_adc.o
                                      0xc2bc1 (size before relaxing)
 .debug_str     0x00000000000c8e73      0x6ba ./Drivers/STM32F3xx_HAL_Driver/Src/stm32f3xx_hal_adc_ex.o
                                      0xc31ee (size before relaxing)
 .debug_str     0x00000000000c952d      0x284 ./Drivers/STM32F3xx_HAL_Driver/Src/stm32f3xx_hal_cortex.o
                                      0xc2c3d (size before relaxing)